BL51 BANKED LINKER/LOCATER V6.22                                                        01/21/2016  00:22:22  PAGE 1


BL51 BANKED LINKER/LOCATER V6.22, INVOKED BY:
E:\ARM\C51\BIN\BL51.EXE .\Output\ds1302.obj, .\Output\LQ12864.obj, .\Output\main.obj, .\Output\delay.obj, .\Output\ds18b
>> 20.obj, .\Output\beep.obj, .\Output\all.obj, .\Output\key.obj TO .\Output\Tem+Timer PRINT (.\Listing\Tem+Timer.m51) R
>> AMSIZE (256)


MEMORY MODEL: COMPACT WITH FLOATING POINT ARITHMETIC


INPUT MODULES INCLUDED:
  .\Output\ds1302.obj (DS1302)
  .\Output\LQ12864.obj (LQ12864)
  .\Output\main.obj (MAIN)
  .\Output\delay.obj (DELAY)
  .\Output\ds18b20.obj (DS18B20)
  .\Output\beep.obj (BEEP)
  .\Output\all.obj (ALL)
  .\Output\key.obj (KEY)
  E:\ARM\C51\LIB\C51FPC.LIB (?C?FPMUL)
  E:\ARM\C51\LIB\C51FPC.LIB (?C?FCAST)
  E:\ARM\C51\LIB\C51FPC.LIB (?C?CASTF)
  E:\ARM\C51\LIB\C51FPC.LIB (?C?FPGETOPN)
  E:\ARM\C51\LIB\C51C.LIB (?C_STARTUP)
  E:\ARM\C51\LIB\C51C.LIB (?C?CLDOPTR)
  E:\ARM\C51\LIB\C51C.LIB (?C?UIDIV)
  E:\ARM\C51\LIB\C51C.LIB (?C?LNEG)
  E:\ARM\C51\LIB\C51C.LIB (?C_INIT)


LINK MAP OF MODULE:  .\Output\Tem+Timer (DS1302)


            TYPE    BASE      LENGTH    RELOCATION   SEGMENT NAME
            -----------------------------------------------------

            * * * * * * *   D A T A   M E M O R Y   * * * * * * *
            REG     0000H     0008H     ABSOLUTE     "REG BANK 0"
            IDATA   0008H     0001H     UNIT         ?STACK

            * * * * * * *  X D A T A   M E M O R Y  * * * * * * *
            XDATA   0000H     0019H     INPAGE       ?PD?LQ12864
            XDATA   0019H     002FH     INPAGE       ?PD?MAIN
            XDATA   0048H     0004H     INPAGE       ?PD?DS18B20
            XDATA   004CH     0003H     INPAGE       ?PD?BEEP
            XDATA   004FH     0030H     INPAGE       ?PD?KEY
            XDATA   007FH     000AH     INPAGE       _PDATA_GROUP_

            * * * * * * *   C O D E   M E M O R Y   * * * * * * *
            CODE    0000H     0003H     ABSOLUTE     
                    0003H     0008H                  *** GAP ***
            CODE    000BH     0003H     ABSOLUTE     
            CODE    000EH     0DD8H     UNIT         ?CO?LQ12864
            CODE    0DE6H     0644H     UNIT         ?PR?INTO1_1?KEY
            CODE    142AH     03B2H     UNIT         ?PR?INTO3_4?KEY
            CODE    17DCH     037CH     UNIT         ?PR?INTO3_1?KEY
            CODE    1B58H     0349H     UNIT         ?PR?INTO3_3?KEY
            CODE    1EA1H     0255H     UNIT         ?C?LIB_CODE
            CODE    20F6H     017EH     UNIT         ?PR?INTO3_31?KEY
BL51 BANKED LINKER/LOCATER V6.22                                                      01/21/2016  00:22:22  PAGE 2


            CODE    2274H     0112H     UNIT         ?PR?MENU_MOVE2?KEY
            CODE    2386H     010EH     UNIT         ?PR?PING2?ALL
            CODE    2494H     00F1H     UNIT         ?PR?INTO3_2?KEY
            CODE    2585H     00F0H     UNIT         ?PR?PING1?ALL
            CODE    2675H     00B6H     UNIT         ?PR?XIANSHI2_DS1302?LQ12864
            CODE    272BH     00B3H     UNIT         ?PR?_OLED_MFS1?LQ12864
            CODE    27DEH     00B2H     UNIT         ?PR?MENU_MOVE1?KEY
            CODE    2890H     00B0H     UNIT         ?PR?_OLED_MFS2?LQ12864
            CODE    2940H     00A5H     UNIT         ?PR?_OLED_MB2?LQ12864
            CODE    29E5H     00A3H     UNIT         ?PR?_OLED_MB1?LQ12864
            CODE    2A88H     00A1H     UNIT         ?PR?_OLED_TEM1?LQ12864
            CODE    2B29H     00A1H     UNIT         ?PR?_OLED_TEM2?LQ12864
            CODE    2BCAH     00A1H     UNIT         ?PR?_OLED_TEM3?LQ12864
            CODE    2C6BH     009CH     UNIT         ?PR?XIANSHI1_DS1302?LQ12864
            CODE    2D07H     0099H     UNIT         ?PR?OLED_INIT?LQ12864
            CODE    2DA0H     0099H     UNIT         ?PR?_OLED_P8X16STR?LQ12864
            CODE    2E39H     0095H     UNIT         ?PR?INTO1_2?KEY
            CODE    2ECEH     0091H     UNIT         ?C_INITSEG
            CODE    2F5FH     008CH     UNIT         ?C_C51STARTUP
            CODE    2FEBH     008AH     UNIT         ?PR?_OLED_P6X8STR?LQ12864
            CODE    3075H     0082H     UNIT         ?PR?_OLED_RYN2?LQ12864
            CODE    30F7H     0081H     UNIT         ?PR?_OLED_RYN1?LQ12864
            CODE    3178H     007BH     UNIT         ?PR?READTEM?DS18B20
            CODE    31F3H     006FH     UNIT         ?PR?MENU_MOVE3?KEY
            CODE    3262H     0067H     UNIT         ?PR?PING0?ALL
            CODE    32C9H     0066H     UNIT         ?PR?_OLED_P16X16CH?LQ12864
            CODE    332FH     0050H     UNIT         ?PR?XIANSHI_DS18B20?LQ12864
            CODE    337FH     004AH     UNIT         ?PR?INTO3_21?KEY
            CODE    33C9H     0046H     UNIT         ?PR?INIT_1302?DS1302
            CODE    340FH     0046H     UNIT         ?PR?INTO2?KEY
            CODE    3455H     003FH     UNIT         ?PR?INTO1?KEY
            CODE    3494H     0031H     UNIT         ?PR?MAIN?MAIN
            CODE    34C5H     0031H     UNIT         ?PR?_WRITE_DS18B20?DS18B20
            CODE    34F6H     0030H     UNIT         ?PR?BJ_DS18B20?BEEP
            CODE    3526H     002FH     UNIT         ?PR?READ_DS18B20?DS18B20
            CODE    3555H     002CH     UNIT         ?PR?_OLED_WRDAT?LQ12864
            CODE    3581H     002BH     UNIT         ?PR?IIC_DS18B20?DS18B20
            CODE    35ACH     0029H     UNIT         ?PR?SEARCH_DS18B20?DS18B20
            CODE    35D5H     0028H     UNIT         ?PR?_OLED_SET_POS?LQ12864
            CODE    35FDH     0027H     UNIT         ?PR?_WRITE_IIC_BYTE?LQ12864
            CODE    3624H     0026H     UNIT         ?PR?BS?BEEP
            CODE    364AH     0021H     UNIT         ?PR?TIME9?MAIN
            CODE    366BH     0020H     UNIT         ?PR?_DELAY?DELAY
            CODE    368BH     0020H     UNIT         ?PR?INTO1_21?KEY
            CODE    36ABH     001DH     UNIT         ?PR?_OLED_WRCMD?LQ12864
            CODE    36C8H     001CH     UNIT         ?PR?_WRITE_BYTE13?DS1302
            CODE    36E4H     001CH     UNIT         ?PR?_OLED_CLS?LQ12864
            CODE    3700H     001BH     UNIT         ?CO?ALL
            CODE    371BH     001AH     UNIT         ?PR?_OLED_FILL?LQ12864
            CODE    3735H     0018H     UNIT         ?PR?READ_BYTE13?DS1302
            CODE    374DH     0017H     UNIT         ?PR?GETTING?DS1302
            CODE    3764H     0013H     UNIT         ?PR?_DELAY18?DS18B20
            CODE    3777H     0010H     UNIT         ?PR?TIME_INIT?MAIN
            CODE    3787H     000FH     UNIT         ?CO?KEY
            CODE    3796H     000EH     UNIT         ?CO?DS1302
            CODE    37A4H     000DH     UNIT         ?PR?_WRITE_1302?DS1302
            CODE    37B1H     000CH     UNIT         ?PR?INTO3?KEY
BL51 BANKED LINKER/LOCATER V6.22                                                      01/21/2016  00:22:22  PAGE 3


            CODE    37BDH     000BH     UNIT         ?PR?_READ_1302?DS1302
            CODE    37C8H     0009H     UNIT         ?PR?IIC_START?LQ12864
            CODE    37D1H     0009H     UNIT         ?PR?IIC_STOP?LQ12864



OVERLAY MAP OF MODULE:   .\Output\Tem+Timer (DS1302)


SEGMENT                               PDATA_GROUP
  +--> CALLED SEGMENT               START    LENGTH
---------------------------------------------------
?C_C51STARTUP                       -----    -----
  +--> ?PR?MAIN?MAIN
  +--> ?C_INITSEG

?PR?MAIN?MAIN                       -----    -----
  +--> ?PR?INIT_1302?DS1302
  +--> ?PR?OLED_INIT?LQ12864
  +--> ?PR?TIME_INIT?MAIN
  +--> ?PR?GETTING?DS1302
  +--> ?PR?XIANSHI1_DS1302?LQ12864
  +--> ?PR?XIANSHI2_DS1302?LQ12864
  +--> ?PR?PING0?ALL
  +--> ?PR?INTO1?KEY
  +--> ?PR?INTO3_21?KEY
  +--> ?PR?INTO3_31?KEY
  +--> ?PR?INTO1_21?KEY
  +--> ?PR?_DELAY?DELAY
  +--> ?PR?BJ_DS18B20?BEEP

?PR?INIT_1302?DS1302                -----    -----
  +--> ?PR?_WRITE_1302?DS1302

?PR?_WRITE_1302?DS1302              -----    -----
  +--> ?PR?_WRITE_BYTE13?DS1302

?PR?OLED_INIT?LQ12864               -----    -----
  +--> ?PR?_DELAY?DELAY
  +--> ?PR?_OLED_WRCMD?LQ12864
  +--> ?PR?_OLED_FILL?LQ12864
  +--> ?PR?_OLED_SET_POS?LQ12864

?PR?_OLED_WRCMD?LQ12864             -----    -----
  +--> ?PR?_WRITE_IIC_BYTE?LQ12864
  +--> ?PR?IIC_STOP?LQ12864

?PR?_WRITE_IIC_BYTE?LQ12864         -----    -----
  +--> ?PR?IIC_START?LQ12864

?PR?_OLED_FILL?LQ12864              -----    -----
  +--> ?PR?_OLED_WRCMD?LQ12864
  +--> ?PR?_OLED_WRDAT?LQ12864

?PR?_OLED_WRDAT?LQ12864             -----    -----
  +--> ?CO?LQ12864
  +--> ?PR?_WRITE_IIC_BYTE?LQ12864
BL51 BANKED LINKER/LOCATER V6.22                                                      01/21/2016  00:22:22  PAGE 4


  +--> ?PR?IIC_STOP?LQ12864

?PR?_OLED_SET_POS?LQ12864           -----    -----
  +--> ?PR?_OLED_WRCMD?LQ12864

?PR?GETTING?DS1302                  -----    -----
  +--> ?CO?DS1302
  +--> ?PR?_READ_1302?DS1302

?PR?_READ_1302?DS1302               -----    -----
  +--> ?PR?_WRITE_BYTE13?DS1302
  +--> ?PR?READ_BYTE13?DS1302

?PR?XIANSHI1_DS1302?LQ12864         -----    -----
  +--> ?CO?LQ12864
  +--> ?PR?_OLED_MFS2?LQ12864
  +--> ?PR?_OLED_MFS1?LQ12864
  +--> ?PR?_OLED_P16X16CH?LQ12864

?PR?_OLED_MFS2?LQ12864              007FH    0009H
  +--> ?PR?_OLED_SET_POS?LQ12864
  +--> ?CO?LQ12864
  +--> ?PR?_OLED_WRDAT?LQ12864

?PR?_OLED_MFS1?LQ12864              007FH    0009H
  +--> ?PR?_OLED_SET_POS?LQ12864
  +--> ?CO?LQ12864
  +--> ?PR?_OLED_WRDAT?LQ12864

?PR?_OLED_P16X16CH?LQ12864          007FH    0002H
  +--> ?PR?_OLED_SET_POS?LQ12864
  +--> ?CO?LQ12864
  +--> ?PR?_OLED_WRDAT?LQ12864

?PR?XIANSHI2_DS1302?LQ12864         -----    -----
  +--> ?CO?LQ12864
  +--> ?PR?_OLED_P6X8STR?LQ12864
  +--> ?PR?_OLED_RYN2?LQ12864
  +--> ?PR?_OLED_RYN1?LQ12864

?PR?_OLED_P6X8STR?LQ12864           0080H    0008H
  +--> ?CO?LQ12864
  +--> ?PR?_OLED_SET_POS?LQ12864
  +--> ?PR?_OLED_WRDAT?LQ12864

?PR?_OLED_RYN2?LQ12864              007FH    0009H
  +--> ?PR?_OLED_SET_POS?LQ12864
  +--> ?CO?LQ12864
  +--> ?PR?_OLED_WRDAT?LQ12864

?PR?_OLED_RYN1?LQ12864              007FH    0009H
  +--> ?PR?_OLED_SET_POS?LQ12864
  +--> ?CO?LQ12864
  +--> ?PR?_OLED_WRDAT?LQ12864

?PR?PING0?ALL                       007FH    0001H
  +--> ?CO?ALL
BL51 BANKED LINKER/LOCATER V6.22                                                      01/21/2016  00:22:22  PAGE 5


  +--> ?PR?_OLED_P6X8STR?LQ12864
  +--> ?PR?_DELAY?DELAY
  +--> ?PR?_OLED_CLS?LQ12864

?PR?_OLED_CLS?LQ12864               -----    -----
  +--> ?PR?_OLED_WRCMD?LQ12864
  +--> ?PR?_OLED_WRDAT?LQ12864

?PR?INTO1?KEY                       -----    -----
  +--> ?PR?_DELAY?DELAY
  +--> ?PR?_OLED_CLS?LQ12864
  +--> ?PR?PING1?ALL
  +--> ?PR?MENU_MOVE1?KEY
  +--> ?PR?INTO2?KEY

?PR?PING1?ALL                       -----    -----
  +--> ?CO?ALL
  +--> ?PR?_OLED_P8X16STR?LQ12864
  +--> ?PR?_OLED_P16X16CH?LQ12864

?PR?_OLED_P8X16STR?LQ12864          007FH    0008H
  +--> ?PR?_OLED_SET_POS?LQ12864
  +--> ?PR?_OLED_WRDAT?LQ12864
  +--> ?CO?LQ12864

?PR?MENU_MOVE1?KEY                  -----    -----
  +--> ?PR?_DELAY?DELAY
  +--> ?PR?_OLED_P16X16CH?LQ12864

?PR?INTO2?KEY                       -----    -----
  +--> ?PR?_DELAY?DELAY
  +--> ?PR?_OLED_CLS?LQ12864
  +--> ?PR?PING2?ALL
  +--> ?PR?MENU_MOVE2?KEY
  +--> ?PR?INTO3?KEY
  +--> ?PR?INTO1_1?KEY
  +--> ?PR?INTO1_2?KEY

?PR?PING2?ALL                       -----    -----
  +--> ?CO?ALL
  +--> ?PR?_OLED_P8X16STR?LQ12864
  +--> ?PR?_OLED_P16X16CH?LQ12864

?PR?MENU_MOVE2?KEY                  -----    -----
  +--> ?PR?_DELAY?DELAY
  +--> ?PR?_OLED_P16X16CH?LQ12864

?PR?INTO3?KEY                       -----    -----
  +--> ?PR?INTO3_1?KEY
  +--> ?PR?INTO3_2?KEY
  +--> ?PR?INTO3_3?KEY
  +--> ?PR?INTO3_4?KEY

?PR?INTO3_1?KEY                     -----    -----
  +--> ?PR?_DELAY?DELAY
  +--> ?PR?_OLED_CLS?LQ12864
  +--> ?PR?GETTING?DS1302
BL51 BANKED LINKER/LOCATER V6.22                                                      01/21/2016  00:22:22  PAGE 6


  +--> ?PR?XIANSHI1_DS1302?LQ12864
  +--> ?CO?KEY
  +--> ?PR?_OLED_MFS2?LQ12864
  +--> ?PR?_OLED_MFS1?LQ12864
  +--> ?PR?_WRITE_1302?DS1302
  +--> ?PR?_OLED_P16X16CH?LQ12864

?PR?INTO3_2?KEY                     -----    -----
  +--> ?PR?_DELAY?DELAY
  +--> ?PR?_OLED_CLS?LQ12864
  +--> ?PR?_OLED_P16X16CH?LQ12864

?PR?INTO3_3?KEY                     -----    -----
  +--> ?PR?_DELAY?DELAY
  +--> ?PR?_OLED_CLS?LQ12864
  +--> ?CO?KEY
  +--> ?PR?_OLED_MB1?LQ12864
  +--> ?PR?_OLED_MB2?LQ12864
  +--> ?PR?_OLED_P16X16CH?LQ12864

?PR?_OLED_MB1?LQ12864               007FH    000AH
  +--> ?CO?LQ12864
  +--> ?PR?_OLED_SET_POS?LQ12864
  +--> ?PR?_OLED_WRDAT?LQ12864

?PR?_OLED_MB2?LQ12864               007FH    000AH
  +--> ?CO?LQ12864
  +--> ?PR?_OLED_SET_POS?LQ12864
  +--> ?PR?_OLED_WRDAT?LQ12864

?PR?INTO3_4?KEY                     -----    -----
  +--> ?PR?_DELAY?DELAY
  +--> ?PR?_OLED_CLS?LQ12864
  +--> ?CO?KEY
  +--> ?PR?_OLED_P8X16STR?LQ12864
  +--> ?PR?_OLED_MB1?LQ12864
  +--> ?PR?_OLED_MB2?LQ12864

?PR?INTO1_1?KEY                     -----    -----
  +--> ?PR?_DELAY?DELAY
  +--> ?PR?_OLED_CLS?LQ12864
  +--> ?PR?GETTING?DS1302
  +--> ?PR?XIANSHI2_DS1302?LQ12864
  +--> ?CO?KEY
  +--> ?PR?_OLED_P6X8STR?LQ12864
  +--> ?PR?_OLED_RYN2?LQ12864
  +--> ?PR?_OLED_RYN1?LQ12864
  +--> ?PR?_WRITE_1302?DS1302
  +--> ?PR?_OLED_P16X16CH?LQ12864

?PR?INTO1_2?KEY                     -----    -----
  +--> ?PR?_DELAY?DELAY
  +--> ?PR?_OLED_CLS?LQ12864
  +--> ?PR?_OLED_P16X16CH?LQ12864
  +--> ?PR?MENU_MOVE3?KEY

?PR?MENU_MOVE3?KEY                  -----    -----
BL51 BANKED LINKER/LOCATER V6.22                                                      01/21/2016  00:22:22  PAGE 7


  +--> ?PR?_DELAY?DELAY
  +--> ?PR?_OLED_P16X16CH?LQ12864

?PR?INTO3_21?KEY                    -----    -----
  +--> ?PR?_OLED_P16X16CH?LQ12864
  +--> ?PR?BS?BEEP

?PR?BS?BEEP                         007FH    0001H
  +--> ?PR?_DELAY?DELAY

?PR?INTO3_31?KEY                    -----    -----
  +--> ?PR?_OLED_P16X16CH?LQ12864
  +--> ?PR?_OLED_CLS?LQ12864
  +--> ?CO?KEY
  +--> ?PR?_OLED_MFS2?LQ12864
  +--> ?PR?_OLED_MFS1?LQ12864
  +--> ?PR?BS?BEEP
  +--> ?PR?_DELAY?DELAY

?PR?INTO1_21?KEY                    -----    -----
  +--> ?PR?SEARCH_DS18B20?DS18B20
  +--> ?PR?XIANSHI_DS18B20?LQ12864
  +--> ?CO?KEY
  +--> ?PR?_OLED_P8X16STR?LQ12864

?PR?SEARCH_DS18B20?DS18B20          -----    -----
  +--> ?PR?READTEM?DS18B20

?PR?READTEM?DS18B20                 -----    -----
  +--> ?PR?IIC_DS18B20?DS18B20
  +--> ?PR?_WRITE_DS18B20?DS18B20
  +--> ?PR?_DELAY18?DS18B20
  +--> ?PR?READ_DS18B20?DS18B20

?PR?IIC_DS18B20?DS18B20             007FH    0001H
  +--> ?PR?_DELAY18?DS18B20

?PR?_WRITE_DS18B20?DS18B20          -----    -----
  +--> ?PR?_DELAY18?DS18B20

?PR?READ_DS18B20?DS18B20            -----    -----
  +--> ?PR?_DELAY18?DS18B20

?PR?XIANSHI_DS18B20?LQ12864         -----    -----
  +--> ?PR?_OLED_P16X16CH?LQ12864
  +--> ?CO?LQ12864
  +--> ?PR?_OLED_TEM1?LQ12864
  +--> ?PR?_OLED_TEM2?LQ12864
  +--> ?PR?_OLED_P6X8STR?LQ12864
  +--> ?PR?_OLED_TEM3?LQ12864

?PR?_OLED_TEM1?LQ12864              007FH    0008H
  +--> ?PR?_OLED_SET_POS?LQ12864
  +--> ?PR?_OLED_WRDAT?LQ12864
  +--> ?CO?LQ12864

?PR?_OLED_TEM2?LQ12864              007FH    0008H
BL51 BANKED LINKER/LOCATER V6.22                                                      01/21/2016  00:22:22  PAGE 8


  +--> ?PR?_OLED_SET_POS?LQ12864
  +--> ?PR?_OLED_WRDAT?LQ12864
  +--> ?CO?LQ12864

?PR?_OLED_TEM3?LQ12864              007FH    0008H
  +--> ?PR?_OLED_SET_POS?LQ12864
  +--> ?PR?_OLED_WRDAT?LQ12864
  +--> ?CO?LQ12864

?PR?BJ_DS18B20?BEEP                 -----    -----
  +--> ?PR?_DELAY?DELAY



SYMBOL TABLE OF MODULE:  .\Output\Tem+Timer (DS1302)

  VALUE           TYPE          NAME
  ----------------------------------

  -------         MODULE        DS1302
  C:0000H         SYMBOL        _ICE_DUMMY_
  D:0090H         PUBLIC        P1
  D:00B0H         PUBLIC        P3
  C:379DH         PUBLIC        WRITE_ADDR
  B:0090H.6       PUBLIC        SDA1
  D:00A8H         PUBLIC        IE
  B:0090H.5       PUBLIC        SCK1
  D:00B8H         PUBLIC        IP
  C:3796H         PUBLIC        READ_ADDR
  C:3735H         PUBLIC        read_byte13
  C:36CEH         PUBLIC        _write_byte13
  D:0098H         PUBLIC        SCON
  D:0088H         PUBLIC        TCON
  C:33C9H         PUBLIC        Init_1302
  C:37BDH         PUBLIC        _read_1302
  C:37A4H         PUBLIC        _write_1302
  B:0090H.7       PUBLIC        RT1
  D:00C8H         PUBLIC        T2CON
  C:374DH         PUBLIC        getting
  D:00D0H         PUBLIC        PSW
  -------         PROC          L?0018
  -------         ENDPROC       L?0018
  -------         PROC          _WRITE_BYTE13
  D:0007H         SYMBOL        dat
  -------         DO            
  D:0006H         SYMBOL        n
  -------         ENDDO         
  C:36CEH         LINE#         8
  C:36CEH         LINE#         9
  C:36CEH         LINE#         11
  C:36D0H         LINE#         12
  C:36D2H         LINE#         13
  C:36D2H         LINE#         14
  C:36D6H         LINE#         15
  C:36D8H         LINE#         16
  C:36DAH         LINE#         17
  C:36DEH         LINE#         18
BL51 BANKED LINKER/LOCATER V6.22                                                      01/21/2016  00:22:22  PAGE 9


  C:36E3H         LINE#         19
  -------         ENDPROC       _WRITE_BYTE13
  -------         PROC          READ_BYTE13
  -------         DO            
  D:0006H         SYMBOL        n
  D:0007H         SYMBOL        temp
  -------         ENDDO         
  C:3735H         LINE#         23
  C:3735H         LINE#         24
  C:3735H         LINE#         26
  C:3737H         LINE#         27
  C:3737H         LINE#         28
  C:373DH         LINE#         29
  C:3742H         LINE#         31
  C:3743H         LINE#         32
  C:3745H         LINE#         33
  C:3747H         LINE#         34
  C:374CH         LINE#         35
  C:374CH         LINE#         36
  -------         ENDPROC       READ_BYTE13
  -------         PROC          _READ_1302
  D:0007H         SYMBOL        addr
  -------         DO            
  D:0007H         SYMBOL        dat
  -------         ENDDO         
  C:37BDH         LINE#         40
  C:37BDH         LINE#         41
  C:37BDH         LINE#         43
  C:37BDH         LINE#         44
  C:37BDH         LINE#         45
  C:37BDH         LINE#         46
  C:37C0H         LINE#         47
  C:37C3H         LINE#         48
  C:37C5H         LINE#         49
  C:37C7H         LINE#         50
  C:37C7H         LINE#         51
  -------         ENDPROC       _READ_1302
  -------         PROC          _WRITE_1302
  D:0007H         SYMBOL        addr
  D:0005H         SYMBOL        dat
  C:37A4H         LINE#         55
  C:37A4H         LINE#         56
  C:37A4H         LINE#         57
  C:37A4H         LINE#         58
  C:37A4H         LINE#         59
  C:37A4H         LINE#         60
  C:37A7H         LINE#         61
  C:37ACH         LINE#         62
  C:37AEH         LINE#         63
  C:37B0H         LINE#         64
  -------         ENDPROC       _WRITE_1302
  -------         PROC          GETTING
  -------         DO            
  D:0005H         SYMBOL        i
  -------         ENDDO         
  C:374DH         LINE#         68
  C:374DH         LINE#         69
BL51 BANKED LINKER/LOCATER V6.22                                                      01/21/2016  00:22:22  PAGE 10


  C:374DH         LINE#         71
  C:374FH         LINE#         72
  C:374FH         LINE#         73
  C:375EH         LINE#         74
  C:3763H         LINE#         75
  -------         ENDPROC       GETTING
  -------         PROC          INIT_1302
  C:33C9H         LINE#         79
  C:33C9H         LINE#         80
  C:33C9H         LINE#         81
  C:33CBH         LINE#         82
  C:33CDH         LINE#         83
  C:33CFH         LINE#         84
  C:33D6H         LINE#         85
  C:33DBH         LINE#         86
  C:33E2H         LINE#         87
  C:33E9H         LINE#         88
  C:33F0H         LINE#         89
  C:33F7H         LINE#         90
  C:33FEH         LINE#         91
  C:3405H         LINE#         92
  C:340CH         LINE#         93
  C:340EH         LINE#         94
  -------         ENDPROC       INIT_1302
  -------         ENDMOD        DS1302

  -------         MODULE        LQ12864
  C:0000H         SYMBOL        _ICE_DUMMY_
  C:332FH         PUBLIC        xianshi_DS18B20
  D:0090H         PUBLIC        P1
  D:00B0H         PUBLIC        P3
  C:0DAAH         PUBLIC        table
  C:0016H         PUBLIC        F16x16
  D:00A8H         PUBLIC        IE
  C:371BH         PUBLIC        _OLED_Fill
  C:0D6EH         PUBLIC        SZ6x8
  D:00B8H         PUBLIC        IP
  C:2D07H         PUBLIC        OLED_Init
  C:2A88H         PUBLIC        _OLED_TEM1
  C:272BH         PUBLIC        _OLED_MFS1
  C:2B29H         PUBLIC        _OLED_TEM2
  C:2890H         PUBLIC        _OLED_MFS2
  C:2BCAH         PUBLIC        _OLED_TEM3
  C:0CCEH         PUBLIC        SZ8X16
  C:2DA0H         PUBLIC        _OLED_P8x16Str
  X:0000H         PUBLIC        Tim
  C:04B6H         PUBLIC        F6x8
  X:000CH         PUBLIC        time
  C:30F7H         PUBLIC        _OLED_RYN1
  C:3079H         PUBLIC        _OLED_RYN2
  D:0098H         PUBLIC        SCON
  D:0088H         PUBLIC        TCON
  C:3604H         PUBLIC        _Write_IIC_Byte
  C:06DEH         PUBLIC        F8X16
  X:0013H         PUBLIC        shuzu
  C:29E5H         PUBLIC        _OLED_MB1
  C:2940H         PUBLIC        _OLED_MB2
BL51 BANKED LINKER/LOCATER V6.22                                                      01/21/2016  00:22:22  PAGE 11


  C:35DFH         PUBLIC        _OLED_Set_Pos
  C:37C8H         PUBLIC        IIC_Start
  C:32D1H         PUBLIC        _OLED_P16x16Ch
  X:0016H         PUBLIC        WD1
  X:0017H         PUBLIC        WD2
  X:0018H         PUBLIC        WD3
  B:0090H.0       PUBLIC        SDA
  C:37D1H         PUBLIC        IIC_Stop
  B:0090H.1       PUBLIC        SCL
  C:36B8H         PUBLIC        _OLED_WrCmd
  D:00C8H         PUBLIC        T2CON
  C:36E4H         PUBLIC        _OLED_CLS
  C:2C6BH         PUBLIC        xianshi1_DS1302
  C:2675H         PUBLIC        xianshi2_DS1302
  C:3571H         PUBLIC        _OLED_WrDat
  C:2FF5H         PUBLIC        _OLED_P6x8Str
  D:00D0H         PUBLIC        PSW
  -------         PROC          IIC_START
  C:37C8H         LINE#         36
  C:37C8H         LINE#         37
  C:37C8H         LINE#         38
  C:37CAH         LINE#         39
  C:37CCH         LINE#         40
  C:37CEH         LINE#         41
  C:37D0H         LINE#         42
  -------         ENDPROC       IIC_START
  -------         PROC          IIC_STOP
  C:37D1H         LINE#         47
  C:37D1H         LINE#         48
  C:37D1H         LINE#         49
  C:37D3H         LINE#         50
  C:37D5H         LINE#         51
  C:37D7H         LINE#         52
  C:37D9H         LINE#         53
  -------         ENDPROC       IIC_STOP
  -------         PROC          L?0152
  -------         ENDPROC       L?0152
  -------         PROC          _WRITE_IIC_BYTE
  D:0007H         SYMBOL        IIC_Byte
  -------         DO            
  D:0006H         SYMBOL        i
  -------         ENDDO         
  C:3604H         LINE#         58
  C:3604H         LINE#         59
  C:3604H         LINE#         61
  C:3606H         LINE#         62
  C:3606H         LINE#         63
  C:360AH         LINE#         64
  C:360EH         LINE#         66
  C:3610H         LINE#         67
  C:3612H         LINE#         68
  C:3614H         LINE#         69
  C:3618H         LINE#         70
  C:361DH         LINE#         71
  C:361FH         LINE#         72
  C:3621H         LINE#         73
  C:3623H         LINE#         74
BL51 BANKED LINKER/LOCATER V6.22                                                      01/21/2016  00:22:22  PAGE 12


  -------         ENDPROC       _WRITE_IIC_BYTE
  C:3555H         SYMBOL        L?0142
  C:3559H         SYMBOL        L?0143
  C:356CH         SYMBOL        L?0144
  -------         PROC          L?0141
  -------         ENDPROC       L?0141
  C:3555H         SYMBOL        L?0142
  C:3559H         SYMBOL        L?0143
  C:356CH         SYMBOL        L?0144
  -------         PROC          _OLED_WRDAT
  D:0005H         SYMBOL        IIC_Data
  C:3571H         LINE#         77
  C:3571H         LINE#         78
  C:3571H         LINE#         79
  C:3571H         LINE#         80
  C:3574H         LINE#         81
  C:3579H         LINE#         82
  C:357EH         LINE#         83
  -------         ENDPROC       _OLED_WRDAT
  C:36B3H         SYMBOL        L?0149
  -------         PROC          L?0148
  -------         ENDPROC       L?0148
  C:36B3H         SYMBOL        L?0149
  -------         PROC          _OLED_WRCMD
  D:0005H         SYMBOL        IIC_Command
  C:36B8H         LINE#         86
  C:36B8H         LINE#         87
  C:36B8H         LINE#         88
  C:36B8H         LINE#         89
  C:36BBH         LINE#         90
  C:36C0H         LINE#         91
  C:36C5H         LINE#         92
  -------         ENDPROC       _OLED_WRCMD
  C:35D9H         SYMBOL        L?0146
  -------         PROC          L?0145
  -------         ENDPROC       L?0145
  C:35D9H         SYMBOL        L?0146
  -------         PROC          _OLED_SET_POS
  D:0004H         SYMBOL        x
  D:0005H         SYMBOL        y
  C:35DFH         LINE#         95
  C:35E1H         LINE#         96
  C:35E1H         LINE#         97
  C:35E8H         LINE#         98
  C:35F4H         LINE#         99
  -------         ENDPROC       _OLED_SET_POS
  -------         PROC          _OLED_FILL
  D:0004H         SYMBOL        bmp_dat
  -------         DO            
  D:0003H         SYMBOL        y
  D:0002H         SYMBOL        x
  -------         ENDDO         
  C:371BH         LINE#         102
  C:371DH         LINE#         103
  C:371DH         LINE#         105
  C:371FH         LINE#         106
  C:371FH         LINE#         107
BL51 BANKED LINKER/LOCATER V6.22                                                      01/21/2016  00:22:22  PAGE 13


  C:3720H         LINE#         108
  C:3720H         LINE#         109
  C:3723H         LINE#         110
  C:3725H         LINE#         111
  C:372FH         LINE#         112
  C:3734H         LINE#         113
  -------         ENDPROC       _OLED_FILL
  -------         PROC          _OLED_CLS
  D:0004H         SYMBOL        y
  -------         DO            
  D:0003H         SYMBOL        x
  -------         ENDDO         
  C:36E4H         LINE#         115
  C:36E6H         LINE#         116
  C:36E6H         LINE#         118
  C:36ECH         LINE#         119
  C:36ECH         LINE#         120
  C:36EDH         LINE#         121
  C:36EDH         LINE#         122
  C:36F0H         LINE#         123
  C:36F2H         LINE#         124
  C:36FCH         LINE#         125
  C:36FFH         LINE#         126
  -------         ENDPROC       _OLED_CLS
  -------         PROC          OLED_INIT
  C:2D07H         LINE#         128
  C:2D07H         LINE#         129
  C:2D07H         LINE#         130
  C:2D0EH         LINE#         131
  C:2D13H         LINE#         132
  C:2D15H         LINE#         133
  C:2D18H         LINE#         134
  C:2D1DH         LINE#         135
  C:2D22H         LINE#         136
  C:2D27H         LINE#         137
  C:2D2CH         LINE#         138
  C:2D31H         LINE#         139
  C:2D36H         LINE#         140
  C:2D3BH         LINE#         141
  C:2D40H         LINE#         142
  C:2D45H         LINE#         143
  C:2D4AH         LINE#         144
  C:2D4FH         LINE#         145
  C:2D54H         LINE#         146
  C:2D59H         LINE#         147
  C:2D5EH         LINE#         148
  C:2D63H         LINE#         149
  C:2D68H         LINE#         150
  C:2D6DH         LINE#         151
  C:2D72H         LINE#         152
  C:2D77H         LINE#         153
  C:2D7CH         LINE#         154
  C:2D81H         LINE#         155
  C:2D86H         LINE#         156
  C:2D8BH         LINE#         157
  C:2D90H         LINE#         158
  C:2D95H         LINE#         159
BL51 BANKED LINKER/LOCATER V6.22                                                      01/21/2016  00:22:22  PAGE 14


  C:2D9AH         LINE#         160
  -------         ENDPROC       OLED_INIT
  -------         PROC          L?0147
  -------         ENDPROC       L?0147
  -------         PROC          _OLED_P6X8STR
  X:0080H         SYMBOL        x
  X:0081H         SYMBOL        y
  X:0083H         SYMBOL        ch
  -------         DO            
  X:0086H         SYMBOL        c
  D:0004H         SYMBOL        i
  X:0087H         SYMBOL        j
  -------         ENDDO         
  C:2FF5H         LINE#         163
  C:3008H         LINE#         164
  C:3008H         LINE#         165
  C:300EH         LINE#         166
  C:3025H         LINE#         167
  C:3025H         LINE#         168
  C:302AH         LINE#         169
  C:303FH         LINE#         170
  C:3044H         LINE#         171
  C:3046H         LINE#         172
  C:3067H         LINE#         173
  C:306DH         LINE#         174
  C:3072H         LINE#         175
  C:3074H         LINE#         176
  -------         ENDPROC       _OLED_P6X8STR
  -------         PROC          _OLED_P8X16STR
  X:007FH         SYMBOL        x
  X:0080H         SYMBOL        y
  X:0082H         SYMBOL        ch
  -------         DO            
  X:0085H         SYMBOL        c
  D:0004H         SYMBOL        i
  X:0086H         SYMBOL        j
  -------         ENDDO         
  C:2DA0H         LINE#         178
  C:2DB3H         LINE#         179
  C:2DB3H         LINE#         180
  C:2DB9H         LINE#         181
  C:2DD0H         LINE#         182
  C:2DD0H         LINE#         183
  C:2DD5H         LINE#         184
  C:2DEAH         LINE#         185
  C:2DEFH         LINE#         186
  C:2DF1H         LINE#         187
  C:2DFBH         LINE#         188
  C:2E07H         LINE#         189
  C:2E09H         LINE#         190
  C:2E2AH         LINE#         191
  C:2E30H         LINE#         192
  C:2E35H         LINE#         193
  C:2E38H         LINE#         194
  -------         ENDPROC       _OLED_P8X16STR
  -------         PROC          L?0150
  -------         ENDPROC       L?0150
BL51 BANKED LINKER/LOCATER V6.22                                                      01/21/2016  00:22:22  PAGE 15


  -------         PROC          _OLED_P16X16CH
  D:0001H         SYMBOL        x
  X:007FH         SYMBOL        y
  D:0002H         SYMBOL        N
  -------         DO            
  D:0004H         SYMBOL        wm
  D:0002H         SYMBOL        adder
  -------         ENDDO         
  C:32D1H         LINE#         196
  C:32DAH         LINE#         197
  C:32DAH         LINE#         198
  C:32DCH         LINE#         199
  C:32EBH         LINE#         200
  C:32F5H         LINE#         201
  C:32F7H         LINE#         202
  C:32F7H         LINE#         203
  C:3302H         LINE#         204
  C:3307H         LINE#         205
  C:330CH         LINE#         206
  C:3317H         LINE#         207
  C:3319H         LINE#         208
  C:3319H         LINE#         209
  C:3324H         LINE#         210
  C:3329H         LINE#         211
  C:332EH         LINE#         212
  -------         ENDPROC       _OLED_P16X16CH
  -------         PROC          _OLED_MFS1
  X:007FH         SYMBOL        x
  X:0080H         SYMBOL        y
  X:0082H         SYMBOL        ch
  D:0003H         SYMBOL        SJ
  X:0086H         SYMBOL        L
  -------         DO            
  D:0004H         SYMBOL        i
  X:0087H         SYMBOL        j
  -------         ENDDO         
  C:272BH         LINE#         220
  C:273EH         LINE#         221
  C:273EH         LINE#         222
  C:2743H         LINE#         223
  C:275DH         LINE#         224
  C:275DH         LINE#         225
  C:2772H         LINE#         226
  C:277CH         LINE#         227
  C:2781H         LINE#         228
  C:2783H         LINE#         229
  C:27A2H         LINE#         230
  C:27AEH         LINE#         231
  C:27B0H         LINE#         232
  C:27CFH         LINE#         233
  C:27D5H         LINE#         234
  C:27DAH         LINE#         235
  C:27DDH         LINE#         236
  -------         ENDPROC       _OLED_MFS1
  -------         PROC          _OLED_MFS2
  X:007FH         SYMBOL        x
  X:0080H         SYMBOL        y
BL51 BANKED LINKER/LOCATER V6.22                                                      01/21/2016  00:22:22  PAGE 16


  X:0082H         SYMBOL        ch
  D:0003H         SYMBOL        SJ
  X:0086H         SYMBOL        L
  -------         DO            
  D:0004H         SYMBOL        i
  X:0087H         SYMBOL        j
  -------         ENDDO         
  C:2890H         LINE#         238
  C:28A3H         LINE#         239
  C:28A3H         LINE#         240
  C:28A8H         LINE#         241
  C:28C2H         LINE#         242
  C:28C2H         LINE#         243
  C:28D7H         LINE#         244
  C:28DEH         LINE#         245
  C:28E3H         LINE#         246
  C:28E5H         LINE#         247
  C:2904H         LINE#         248
  C:2910H         LINE#         249
  C:2912H         LINE#         250
  C:2931H         LINE#         251
  C:2937H         LINE#         252
  C:293CH         LINE#         253
  C:293FH         LINE#         254
  -------         ENDPROC       _OLED_MFS2
  -------         PROC          _OLED_RYN1
  X:007FH         SYMBOL        x
  X:0080H         SYMBOL        y
  X:0082H         SYMBOL        ch
  D:0003H         SYMBOL        SJ
  X:0086H         SYMBOL        L
  -------         DO            
  D:0004H         SYMBOL        i
  X:0087H         SYMBOL        j
  -------         ENDDO         
  C:30F7H         LINE#         256
  C:310AH         LINE#         257
  C:310AH         LINE#         258
  C:310FH         LINE#         259
  C:3126H         LINE#         260
  C:3126H         LINE#         261
  C:313BH         LINE#         262
  C:3145H         LINE#         263
  C:314AH         LINE#         264
  C:314CH         LINE#         265
  C:316AH         LINE#         266
  C:3170H         LINE#         267
  C:3175H         LINE#         268
  C:3177H         LINE#         269
  -------         ENDPROC       _OLED_RYN1
  -------         PROC          L?0151
  -------         ENDPROC       L?0151
  -------         PROC          _OLED_RYN2
  X:007FH         SYMBOL        x
  X:0080H         SYMBOL        y
  X:0082H         SYMBOL        ch
  D:0003H         SYMBOL        SJ
BL51 BANKED LINKER/LOCATER V6.22                                                      01/21/2016  00:22:22  PAGE 17


  X:0086H         SYMBOL        L
  -------         DO            
  D:0004H         SYMBOL        i
  X:0087H         SYMBOL        j
  -------         ENDDO         
  C:3079H         LINE#         270
  C:308CH         LINE#         271
  C:308CH         LINE#         272
  C:3091H         LINE#         273
  C:30A8H         LINE#         274
  C:30A8H         LINE#         275
  C:30BDH         LINE#         276
  C:30C4H         LINE#         277
  C:30C9H         LINE#         278
  C:30CBH         LINE#         279
  C:30E9H         LINE#         280
  C:30EFH         LINE#         281
  C:30F4H         LINE#         282
  C:30F6H         LINE#         283
  -------         ENDPROC       _OLED_RYN2
  -------         PROC          XIANSHI1_DS1302
  C:2C6BH         LINE#         286
  C:2C6BH         LINE#         287
  C:2C6BH         LINE#         288
  C:2C84H         LINE#         289
  C:2C9DH         LINE#         290
  C:2CA2H         LINE#         291
  C:2CBBH         LINE#         292
  C:2CD4H         LINE#         293
  C:2CD9H         LINE#         294
  C:2CF0H         LINE#         295
  -------         ENDPROC       XIANSHI1_DS1302
  -------         PROC          XIANSHI2_DS1302
  C:2675H         LINE#         298
  C:2675H         LINE#         299
  C:2675H         LINE#         300
  C:2684H         LINE#         301
  C:2693H         LINE#         302
  C:26A8H         LINE#         303
  C:26C1H         LINE#         304
  C:26C6H         LINE#         305
  C:26DBH         LINE#         306
  C:26F4H         LINE#         307
  C:26F9H         LINE#         308
  C:2712H         LINE#         309
  -------         ENDPROC       XIANSHI2_DS1302
  -------         PROC          _OLED_TEM1
  X:007FH         SYMBOL        x
  X:0080H         SYMBOL        y
  X:0082H         SYMBOL        ch
  -------         DO            
  X:0085H         SYMBOL        c
  D:0004H         SYMBOL        i
  X:0086H         SYMBOL        j
  -------         ENDDO         
  C:2A88H         LINE#         315
  C:2A9BH         LINE#         316
BL51 BANKED LINKER/LOCATER V6.22                                                      01/21/2016  00:22:22  PAGE 18


  C:2A9BH         LINE#         317
  C:2AA1H         LINE#         318
  C:2AB8H         LINE#         319
  C:2AB8H         LINE#         320
  C:2ABDH         LINE#         321
  C:2AD2H         LINE#         322
  C:2ADAH         LINE#         323
  C:2ADFH         LINE#         324
  C:2AE1H         LINE#         325
  C:2AEBH         LINE#         326
  C:2AF7H         LINE#         327
  C:2AF9H         LINE#         328
  C:2B1AH         LINE#         329
  C:2B20H         LINE#         330
  C:2B25H         LINE#         331
  C:2B28H         LINE#         332
  -------         ENDPROC       _OLED_TEM1
  -------         PROC          _OLED_TEM2
  X:007FH         SYMBOL        x
  X:0080H         SYMBOL        y
  X:0082H         SYMBOL        ch
  -------         DO            
  X:0085H         SYMBOL        c
  D:0004H         SYMBOL        i
  X:0086H         SYMBOL        j
  -------         ENDDO         
  C:2B29H         LINE#         335
  C:2B3CH         LINE#         336
  C:2B3CH         LINE#         337
  C:2B42H         LINE#         338
  C:2B59H         LINE#         339
  C:2B59H         LINE#         340
  C:2B5EH         LINE#         341
  C:2B73H         LINE#         342
  C:2B7BH         LINE#         343
  C:2B80H         LINE#         344
  C:2B82H         LINE#         345
  C:2B8CH         LINE#         346
  C:2B98H         LINE#         347
  C:2B9AH         LINE#         348
  C:2BBBH         LINE#         349
  C:2BC1H         LINE#         350
  C:2BC6H         LINE#         351
  C:2BC9H         LINE#         352
  -------         ENDPROC       _OLED_TEM2
  -------         PROC          _OLED_TEM3
  X:007FH         SYMBOL        x
  X:0080H         SYMBOL        y
  X:0082H         SYMBOL        ch
  -------         DO            
  X:0085H         SYMBOL        c
  D:0004H         SYMBOL        i
  X:0086H         SYMBOL        j
  -------         ENDDO         
  C:2BCAH         LINE#         354
  C:2BDDH         LINE#         355
  C:2BDDH         LINE#         356
BL51 BANKED LINKER/LOCATER V6.22                                                      01/21/2016  00:22:22  PAGE 19


  C:2BE3H         LINE#         357
  C:2BFAH         LINE#         358
  C:2BFAH         LINE#         359
  C:2BFFH         LINE#         360
  C:2C14H         LINE#         361
  C:2C1CH         LINE#         362
  C:2C21H         LINE#         363
  C:2C23H         LINE#         364
  C:2C2DH         LINE#         365
  C:2C39H         LINE#         366
  C:2C3BH         LINE#         367
  C:2C5CH         LINE#         368
  C:2C62H         LINE#         369
  C:2C67H         LINE#         370
  C:2C6AH         LINE#         371
  -------         ENDPROC       _OLED_TEM3
  -------         PROC          XIANSHI_DS18B20
  C:332FH         LINE#         373
  C:332FH         LINE#         374
  C:332FH         LINE#         375
  C:333BH         LINE#         376
  C:3346H         LINE#         377
  C:3354H         LINE#         378
  C:3362H         LINE#         379
  C:3371H         LINE#         380
  -------         ENDPROC       XIANSHI_DS18B20
  -------         PROC          _OLED_MB1
  X:007FH         SYMBOL        x
  X:0080H         SYMBOL        y
  X:0082H         SYMBOL        ch
  D:0003H         SYMBOL        SJ
  X:0086H         SYMBOL        L
  -------         DO            
  X:0087H         SYMBOL        c
  D:0004H         SYMBOL        i
  X:0088H         SYMBOL        j
  -------         ENDDO         
  C:29E5H         LINE#         385
  C:29F8H         LINE#         386
  C:29F8H         LINE#         387
  C:29FFH         LINE#         388
  C:2A16H         LINE#         389
  C:2A16H         LINE#         390
  C:2A2BH         LINE#         391
  C:2A39H         LINE#         392
  C:2A3EH         LINE#         393
  C:2A40H         LINE#         394
  C:2A4CH         LINE#         395
  C:2A58H         LINE#         396
  C:2A5AH         LINE#         397
  C:2A79H         LINE#         398
  C:2A7FH         LINE#         399
  C:2A84H         LINE#         400
  C:2A87H         LINE#         401
  -------         ENDPROC       _OLED_MB1
  -------         PROC          _OLED_MB2
  X:007FH         SYMBOL        x
BL51 BANKED LINKER/LOCATER V6.22                                                      01/21/2016  00:22:22  PAGE 20


  X:0080H         SYMBOL        y
  X:0082H         SYMBOL        ch
  D:0003H         SYMBOL        SJ
  X:0086H         SYMBOL        L
  -------         DO            
  X:0087H         SYMBOL        c
  D:0004H         SYMBOL        i
  X:0088H         SYMBOL        j
  -------         ENDDO         
  C:2940H         LINE#         403
  C:2953H         LINE#         404
  C:2953H         LINE#         405
  C:295AH         LINE#         406
  C:2971H         LINE#         407
  C:2971H         LINE#         408
  C:2986H         LINE#         409
  C:2996H         LINE#         410
  C:299BH         LINE#         411
  C:299DH         LINE#         412
  C:29A9H         LINE#         413
  C:29B5H         LINE#         414
  C:29B7H         LINE#         415
  C:29D6H         LINE#         416
  C:29DCH         LINE#         417
  C:29E1H         LINE#         418
  C:29E4H         LINE#         419
  -------         ENDPROC       _OLED_MB2
  -------         ENDMOD        LQ12864

  -------         MODULE        MAIN
  C:0000H         SYMBOL        _ICE_DUMMY_
  X:0019H         SYMBOL        K4
  X:001AH         SYMBOL        N1
  X:001BH         SYMBOL        N2
  D:0090H         PUBLIC        P1
  D:00A0H         PUBLIC        P2
  X:001CH         SYMBOL        R1
  D:00B0H         PUBLIC        P3
  X:001DH         SYMBOL        S1
  X:001EH         SYMBOL        R2
  X:001FH         SYMBOL        S2
  B:00A8H.7       PUBLIC        EA
  C:3777H         PUBLIC        Time_Init
  X:0020H         SYMBOL        Y1
  X:0021H         SYMBOL        Y2
  D:00A8H         PUBLIC        IE
  X:0022H         SYMBOL        MB
  X:0023H         SYMBOL        b1
  X:0024H         SYMBOL        b2
  B:0090H.2       PUBLIC        green
  X:0025H         SYMBOL        DS
  D:00B8H         PUBLIC        IP
  X:0026H         SYMBOL        j1
  X:0027H         SYMBOL        j2
  X:0028H         SYMBOL        ZD
  X:0029H         SYMBOL        date
  X:002AH         SYMBOL        q1
BL51 BANKED LINKER/LOCATER V6.22                                                      01/21/2016  00:22:22  PAGE 21


  X:002BH         SYMBOL        q2
  C:3494H         PUBLIC        main
  X:002CH         SYMBOL        month
  X:002DH         SYMBOL        year
  X:002EH         SYMBOL        R11
  D:0098H         PUBLIC        SCON
  X:002FH         SYMBOL        R21
  D:0089H         PUBLIC        TMOD
  D:0088H         PUBLIC        TCON
  X:0030H         SYMBOL        temp
  X:0031H         SYMBOL        day
  X:0032H         SYMBOL        hour
  X:0033H         SYMBOL        MB1
  X:0034H         SYMBOL        MB2
  X:0035H         SYMBOL        MB3
  X:0036H         SYMBOL        FL1
  X:0037H         SYMBOL        MB4
  X:0038H         SYMBOL        FL2
  X:0039H         SYMBOL        HL1
  X:003AH         SYMBOL        HL2
  X:003BH         SYMBOL        DS1
  X:003CH         SYMBOL        KL1
  X:003DH         SYMBOL        KL2
  B:00A8H.1       PUBLIC        ET0
  C:364AH         PUBLIC        Time9
  D:008CH         PUBLIC        TH0
  X:003EH         SYMBOL        ZD1
  D:008AH         PUBLIC        TL0
  X:003FH         SYMBOL        R
  B:0088H.4       PUBLIC        TR0
  X:0040H         SYMBOL        b
  X:0041H         SYMBOL        e
  D:00C8H         PUBLIC        T2CON
  X:0042H         SYMBOL        F1
  X:0043H         SYMBOL        F2
  X:0044H         SYMBOL        H1
  X:0045H         SYMBOL        H2
  X:0046H         SYMBOL        F4
  D:00D0H         PUBLIC        PSW
  X:0047H         SYMBOL        H4
  -------         PROC          MAIN
  C:3494H         LINE#         12
  C:3494H         LINE#         13
  C:3494H         LINE#         14
  C:3497H         LINE#         15
  C:349AH         LINE#         16
  C:349DH         LINE#         17
  C:349DH         LINE#         18
  C:349DH         LINE#         19
  C:34A0H         LINE#         20
  C:34A3H         LINE#         21
  C:34A6H         LINE#         22
  C:34A9H         LINE#         23
  C:34ACH         LINE#         24
  C:34AFH         LINE#         25
  C:34B2H         LINE#         26
  C:34B5H         LINE#         27
BL51 BANKED LINKER/LOCATER V6.22                                                      01/21/2016  00:22:22  PAGE 22


  C:34B7H         LINE#         28
  C:34BEH         LINE#         29
  C:34C0H         LINE#         30
  C:34C3H         LINE#         31
  -------         ENDPROC       MAIN
  -------         PROC          TIME_INIT
  C:3777H         LINE#         33
  C:3777H         LINE#         34
  C:3777H         LINE#         35
  C:377AH         LINE#         36
  C:377DH         LINE#         37
  C:3780H         LINE#         38
  C:3782H         LINE#         39
  C:3784H         LINE#         40
  C:3786H         LINE#         41
  -------         ENDPROC       TIME_INIT
  -------         PROC          TIME9
  C:364AH         LINE#         42
  C:3653H         LINE#         44
  C:3656H         LINE#         45
  C:3659H         LINE#         46
  C:365FH         LINE#         47
  C:3664H         LINE#         48
  -------         ENDPROC       TIME9
  -------         ENDMOD        MAIN

  -------         MODULE        DELAY
  C:0000H         SYMBOL        _ICE_DUMMY_
  C:366BH         PUBLIC        _delay
  -------         PROC          _DELAY
  D:0006H         SYMBOL        u
  -------         DO            
  D:0004H         SYMBOL        y
  -------         ENDDO         
  C:366BH         LINE#         3
  C:366BH         LINE#         4
  C:366BH         LINE#         6
  C:3676H         LINE#         7
  C:368AH         LINE#         8
  -------         ENDPROC       _DELAY
  -------         ENDMOD        DELAY

  -------         MODULE        DS18B20
  C:0000H         SYMBOL        _ICE_DUMMY_
  C:35ACH         PUBLIC        search_DS18B20
  D:0090H         PUBLIC        P1
  D:00A0H         PUBLIC        P2
  D:00B0H         PUBLIC        P3
  D:00A8H         PUBLIC        IE
  B:00A0H.2       PUBLIC        DQ
  D:00B8H         PUBLIC        IP
  C:3526H         PUBLIC        read_DS18B20
  C:3178H         PUBLIC        ReadTem
  X:0048H         PUBLIC        Tem
  D:0098H         PUBLIC        SCON
  C:34C5H         PUBLIC        _write_DS18B20
  D:0088H         PUBLIC        TCON
BL51 BANKED LINKER/LOCATER V6.22                                                      01/21/2016  00:22:22  PAGE 23


  X:0049H         PUBLIC        Tem1
  X:004AH         PUBLIC        Tem2
  C:3581H         PUBLIC        IIC_DS18B20
  D:00C8H         PUBLIC        T2CON
  X:004BH         PUBLIC        xs
  D:00D0H         PUBLIC        PSW
  C:3768H         PUBLIC        _delay18
  C:3764H         SYMBOL        L?0019
  -------         PROC          L?0018
  -------         ENDPROC       L?0018
  C:3764H         SYMBOL        L?0019
  -------         PROC          _DELAY18
  D:0006H         SYMBOL        z
  C:3768H         LINE#         5
  C:3768H         LINE#         6
  C:3768H         LINE#         7
  C:3772H         LINE#         8
  C:3772H         LINE#         9
  C:3773H         LINE#         10
  C:3774H         LINE#         11
  C:3776H         LINE#         12
  -------         ENDPROC       _DELAY18
  -------         PROC          IIC_DS18B20
  -------         DO            
  X:007FH         SYMBOL        x
  -------         ENDDO         
  C:3581H         LINE#         14
  C:3581H         LINE#         15
  C:3581H         LINE#         17
  C:3583H         LINE#         18
  C:358AH         LINE#         19
  C:358CH         LINE#         20
  C:358FH         LINE#         21
  C:3592H         LINE#         22
  C:3594H         LINE#         23
  C:359BH         LINE#         24
  C:35A2H         LINE#         25
  C:35A5H         LINE#         26
  -------         ENDPROC       IIC_DS18B20
  -------         PROC          _WRITE_DS18B20
  D:0005H         SYMBOL        dat
  -------         DO            
  D:0002H         SYMBOL        i
  -------         ENDDO         
  C:34C5H         LINE#         29
  C:34C7H         LINE#         30
  C:34C7H         LINE#         32
  C:34CAH         LINE#         33
  C:34CAH         LINE#         34
  C:34CCH         LINE#         35
  C:34D3H         LINE#         36
  C:34D7H         LINE#         37
  C:34DEH         LINE#         38
  C:34E0H         LINE#         39
  C:34E4H         LINE#         40
  C:34EFH         LINE#         41
  -------         ENDPROC       _WRITE_DS18B20
BL51 BANKED LINKER/LOCATER V6.22                                                      01/21/2016  00:22:22  PAGE 24


  -------         PROC          READ_DS18B20
  -------         DO            
  D:0003H         SYMBOL        i
  D:0005H         SYMBOL        dat
  -------         ENDDO         
  C:3526H         LINE#         44
  C:3526H         LINE#         45
  C:3526H         LINE#         46
  C:3528H         LINE#         47
  C:3529H         LINE#         48
  C:3529H         LINE#         49
  C:352BH         LINE#         50
  C:352FH         LINE#         51
  C:3536H         LINE#         52
  C:3538H         LINE#         53
  C:353FH         LINE#         54
  C:3542H         LINE#         55
  C:3546H         LINE#         56
  C:354DH         LINE#         57
  C:3552H         LINE#         58
  C:3554H         LINE#         59
  -------         ENDPROC       READ_DS18B20
  -------         PROC          READTEM
  -------         DO            
  D:0002H         SYMBOL        TL
  D:0007H         SYMBOL        TH
  -------         ENDDO         
  C:3178H         LINE#         61
  C:3178H         LINE#         62
  C:3178H         LINE#         63
  C:317BH         LINE#         64
  C:317EH         LINE#         65
  C:3183H         LINE#         66
  C:3188H         LINE#         67
  C:318FH         LINE#         68
  C:3192H         LINE#         69
  C:3197H         LINE#         70
  C:319CH         LINE#         71
  C:31A3H         LINE#         72
  C:31A8H         LINE#         73
  C:31ABH         LINE#         74
  C:31B2H         LINE#         75
  C:31BCH         LINE#         76
  C:31C2H         LINE#         77
  C:31DBH         LINE#         78
  C:31F2H         LINE#         79
  -------         ENDPROC       READTEM
  -------         PROC          SEARCH_DS18B20
  C:35ACH         LINE#         81
  C:35ACH         LINE#         82
  C:35ACH         LINE#         83
  C:35AFH         LINE#         84
  C:35BAH         LINE#         85
  C:35BDH         LINE#         86
  C:35C8H         LINE#         87
  C:35CBH         LINE#         88
  C:35D1H         LINE#         89
BL51 BANKED LINKER/LOCATER V6.22                                                      01/21/2016  00:22:22  PAGE 25


  C:35D4H         LINE#         90
  -------         ENDPROC       SEARCH_DS18B20
  -------         ENDMOD        DS18B20

  -------         MODULE        BEEP
  C:0000H         SYMBOL        _ICE_DUMMY_
  D:0090H         PUBLIC        P1
  D:00A0H         PUBLIC        P2
  D:00B0H         PUBLIC        P3
  D:00A8H         PUBLIC        IE
  C:34F6H         PUBLIC        BJ_DS18B20
  C:3624H         PUBLIC        BS
  D:00B8H         PUBLIC        IP
  B:00A0H.3       PUBLIC        beep
  B:0090H.4       PUBLIC        yellow
  D:0098H         PUBLIC        SCON
  D:0088H         PUBLIC        TCON
  X:004CH         PUBLIC        WD4
  X:004DH         PUBLIC        WD5
  X:004EH         PUBLIC        WD6
  D:00C8H         PUBLIC        T2CON
  D:00D0H         PUBLIC        PSW
  -------         PROC          BJ_DS18B20
  C:34F6H         LINE#         6
  C:34F6H         LINE#         7
  C:34F6H         LINE#         8
  C:3511H         LINE#         9
  C:3511H         LINE#         10
  C:3513H         LINE#         11
  C:351AH         LINE#         12
  C:351CH         LINE#         13
  C:3523H         LINE#         14
  C:3523H         LINE#         17
  C:3525H         LINE#         19
  -------         ENDPROC       BJ_DS18B20
  -------         PROC          BS
  -------         DO            
  X:007FH         SYMBOL        i
  -------         ENDDO         
  C:3624H         LINE#         20
  C:3624H         LINE#         21
  C:3624H         LINE#         23
  C:3628H         LINE#         24
  C:3628H         LINE#         25
  C:362AH         LINE#         26
  C:362CH         LINE#         27
  C:3633H         LINE#         28
  C:3635H         LINE#         29
  C:3637H         LINE#         30
  C:363EH         LINE#         31
  C:3649H         LINE#         32
  -------         ENDPROC       BS
  -------         ENDMOD        BEEP

  -------         MODULE        ALL
  C:0000H         SYMBOL        _ICE_DUMMY_
  D:0090H         PUBLIC        P1
BL51 BANKED LINKER/LOCATER V6.22                                                      01/21/2016  00:22:22  PAGE 26


  D:00B0H         PUBLIC        P3
  D:00A8H         PUBLIC        IE
  D:00B8H         PUBLIC        IP
  D:0098H         PUBLIC        SCON
  D:0088H         PUBLIC        TCON
  C:3262H         PUBLIC        ping0
  C:2585H         PUBLIC        ping1
  C:2386H         PUBLIC        ping2
  D:00C8H         PUBLIC        T2CON
  D:00D0H         PUBLIC        PSW
  -------         PROC          PING0
  -------         DO            
  X:007FH         SYMBOL        i
  -------         ENDDO         
  C:3262H         LINE#         2
  C:3262H         LINE#         3
  C:3262H         LINE#         5
  C:3266H         LINE#         6
  C:3266H         LINE#         7
  C:3275H         LINE#         8
  C:3284H         LINE#         9
  C:3293H         LINE#         10
  C:32A2H         LINE#         11
  C:32B1H         LINE#         12
  C:32B8H         LINE#         13
  C:32BDH         LINE#         14
  C:32C8H         LINE#         15
  -------         ENDPROC       PING0
  -------         PROC          PING1
  C:2585H         LINE#         16
  C:2585H         LINE#         17
  C:2585H         LINE#         18
  C:2593H         LINE#         19
  C:25A1H         LINE#         20
  C:25ADH         LINE#         21
  C:25B9H         LINE#         22
  C:25C5H         LINE#         23
  C:25D1H         LINE#         25
  C:25E0H         LINE#         26
  C:25EFH         LINE#         27
  C:25FCH         LINE#         28
  C:2609H         LINE#         29
  C:2616H         LINE#         30
  C:2623H         LINE#         32
  C:2632H         LINE#         33
  C:2641H         LINE#         34
  C:264EH         LINE#         35
  C:265BH         LINE#         36
  C:2668H         LINE#         37
  -------         ENDPROC       PING1
  -------         PROC          PING2
  C:2386H         LINE#         39
  C:2386H         LINE#         40
  C:2386H         LINE#         41
  C:2394H         LINE#         42
  C:23A2H         LINE#         43
  C:23AEH         LINE#         44
BL51 BANKED LINKER/LOCATER V6.22                                                      01/21/2016  00:22:22  PAGE 27


  C:23BAH         LINE#         45
  C:23C6H         LINE#         46
  C:23D2H         LINE#         48
  C:23E1H         LINE#         49
  C:23F0H         LINE#         50
  C:23FDH         LINE#         51
  C:240AH         LINE#         52
  C:2417H         LINE#         53
  C:2424H         LINE#         55
  C:2433H         LINE#         56
  C:2442H         LINE#         57
  C:244FH         LINE#         58
  C:245CH         LINE#         60
  C:246BH         LINE#         61
  C:247AH         LINE#         62
  C:2487H         LINE#         63
  -------         ENDPROC       PING2
  -------         ENDMOD        ALL

  -------         MODULE        KEY
  C:0000H         SYMBOL        _ICE_DUMMY_
  C:0DE6H         PUBLIC        into1_1
  X:004FH         SYMBOL        K4
  X:0050H         SYMBOL        N1
  C:2E39H         PUBLIC        into1_2
  X:0051H         SYMBOL        N2
  C:17DCH         PUBLIC        into3_1
  D:0090H         PUBLIC        P1
  C:2494H         PUBLIC        into3_2
  D:00A0H         PUBLIC        P2
  C:1B58H         PUBLIC        into3_3
  C:27DEH         PUBLIC        menu_move1
  X:0052H         SYMBOL        R1
  D:00B0H         PUBLIC        P3
  C:142AH         PUBLIC        into3_4
  C:2274H         PUBLIC        menu_move2
  X:0053H         SYMBOL        S1
  X:0054H         SYMBOL        R2
  C:31F3H         PUBLIC        menu_move3
  X:0055H         SYMBOL        S2
  X:0056H         SYMBOL        Y1
  X:0057H         SYMBOL        Y2
  D:00A8H         PUBLIC        IE
  X:0058H         SYMBOL        MB
  X:0059H         SYMBOL        b1
  X:005AH         SYMBOL        b2
  X:005BH         SYMBOL        DS
  D:00B8H         PUBLIC        IP
  X:005CH         SYMBOL        j1
  X:005DH         SYMBOL        j2
  B:00B0H.5       PUBLIC        KQ
  X:005EH         PUBLIC        LQ
  X:005FH         SYMBOL        ZD
  B:00B0H.3       PUBLIC        KS
  B:00A0H.3       PUBLIC        beep
  X:0060H         SYMBOL        date
  B:0090H.4       PUBLIC        yellow
BL51 BANKED LINKER/LOCATER V6.22                                                      01/21/2016  00:22:22  PAGE 28


  X:0061H         SYMBOL        q1
  X:0062H         SYMBOL        q2
  B:00B0H.7       PUBLIC        KX
  B:00B0H.6       PUBLIC        KY
  B:00B0H.4       PUBLIC        KZ
  X:0063H         SYMBOL        month
  C:368BH         PUBLIC        into1_21
  C:337FH         PUBLIC        into3_21
  X:0064H         SYMBOL        year
  C:20F6H         PUBLIC        into3_31
  X:0065H         SYMBOL        R11
  D:0098H         PUBLIC        SCON
  X:0066H         SYMBOL        R21
  D:0088H         PUBLIC        TCON
  X:0067H         SYMBOL        temp
  B:0090H.3       PUBLIC        red
  X:0068H         SYMBOL        day
  X:0069H         SYMBOL        hour
  X:006AH         SYMBOL        MB1
  X:006BH         SYMBOL        MB2
  X:006CH         SYMBOL        MB3
  X:006DH         SYMBOL        FL1
  X:006EH         SYMBOL        MB4
  X:006FH         SYMBOL        FL2
  X:0070H         SYMBOL        HL1
  X:0071H         SYMBOL        HL2
  X:0072H         SYMBOL        DS1
  X:0073H         SYMBOL        KL1
  X:0074H         SYMBOL        KL2
  X:0075H         SYMBOL        ZD1
  X:0076H         SYMBOL        R
  X:0077H         SYMBOL        b
  X:0078H         SYMBOL        e
  D:00C8H         PUBLIC        T2CON
  C:3455H         PUBLIC        into1
  C:340FH         PUBLIC        into2
  C:37B1H         PUBLIC        into3
  X:0079H         SYMBOL        F1
  X:007AH         SYMBOL        F2
  X:007BH         SYMBOL        H1
  X:007CH         SYMBOL        H2
  X:007DH         SYMBOL        F4
  D:00D0H         PUBLIC        PSW
  X:007EH         SYMBOL        H4
  -------         PROC          MENU_MOVE1
  C:27DEH         LINE#         20
  C:27DEH         LINE#         21
  C:27DEH         LINE#         22
  C:27E1H         LINE#         23
  C:27E1H         LINE#         24
  C:27E8H         LINE#         25
  C:27EBH         LINE#         26
  C:27EBH         LINE#         27
  C:27EDH         LINE#         28
  C:27F4H         LINE#         29
  C:27F6H         LINE#         30
  C:27FBH         LINE#         31
BL51 BANKED LINKER/LOCATER V6.22                                                      01/21/2016  00:22:22  PAGE 29


  C:27FBH         LINE#         32
  C:27FEH         LINE#         33
  C:27FEH         LINE#         34
  C:2804H         LINE#         35
  C:2804H         LINE#         36
  C:280FH         LINE#         37
  C:281CH         LINE#         38
  C:2829H         LINE#         39
  C:282EH         LINE#         40
  C:282EH         LINE#         41
  C:2834H         LINE#         42
  C:2834H         LINE#         43
  C:2841H         LINE#         44
  C:284CH         LINE#         45
  C:2859H         LINE#         46
  C:285EH         LINE#         47
  C:285EH         LINE#         48
  C:2865H         LINE#         49
  C:2865H         LINE#         50
  C:286FH         LINE#         51
  C:287CH         LINE#         52
  C:2887H         LINE#         53
  C:288CH         LINE#         54
  C:288FH         LINE#         55
  C:288FH         LINE#         56
  -------         ENDPROC       MENU_MOVE1
  -------         PROC          MENU_MOVE2
  C:2274H         LINE#         58
  C:2274H         LINE#         59
  C:2274H         LINE#         60
  C:2277H         LINE#         61
  C:2277H         LINE#         62
  C:227EH         LINE#         63
  C:2281H         LINE#         64
  C:2281H         LINE#         65
  C:2283H         LINE#         66
  C:228AH         LINE#         67
  C:228CH         LINE#         68
  C:2291H         LINE#         69
  C:2291H         LINE#         70
  C:2294H         LINE#         71
  C:2294H         LINE#         72
  C:229BH         LINE#         73
  C:229BH         LINE#         74
  C:22A4H         LINE#         75
  C:22B1H         LINE#         76
  C:22BEH         LINE#         77
  C:22CBH         LINE#         78
  C:22D0H         LINE#         79
  C:22D0H         LINE#         80
  C:22D7H         LINE#         81
  C:22D7H         LINE#         82
  C:22E1H         LINE#         83
  C:22ECH         LINE#         84
  C:22F9H         LINE#         85
  C:2306H         LINE#         86
  C:230BH         LINE#         87
BL51 BANKED LINKER/LOCATER V6.22                                                      01/21/2016  00:22:22  PAGE 30


  C:230BH         LINE#         88
  C:2312H         LINE#         89
  C:2312H         LINE#         90
  C:231CH         LINE#         91
  C:2329H         LINE#         92
  C:2334H         LINE#         93
  C:2341H         LINE#         94
  C:2346H         LINE#         95
  C:2346H         LINE#         96
  C:234DH         LINE#         97
  C:234DH         LINE#         98
  C:2357H         LINE#         99
  C:2362H         LINE#         100
  C:236FH         LINE#         101
  C:237CH         LINE#         102
  C:2381H         LINE#         103
  C:2385H         LINE#         104
  C:2385H         LINE#         105
  -------         ENDPROC       MENU_MOVE2
  -------         PROC          MENU_MOVE3
  C:31F3H         LINE#         107
  C:31F3H         LINE#         108
  C:31F3H         LINE#         109
  C:31F6H         LINE#         110
  C:31F6H         LINE#         111
  C:31FDH         LINE#         112
  C:3200H         LINE#         113
  C:3200H         LINE#         114
  C:3202H         LINE#         115
  C:3209H         LINE#         116
  C:320BH         LINE#         117
  C:3210H         LINE#         118
  C:3210H         LINE#         119
  C:3213H         LINE#         120
  C:3213H         LINE#         121
  C:3219H         LINE#         122
  C:3219H         LINE#         123
  C:3226H         LINE#         124
  C:3233H         LINE#         125
  C:3238H         LINE#         126
  C:3238H         LINE#         127
  C:323EH         LINE#         128
  C:323EH         LINE#         129
  C:324BH         LINE#         130
  C:3258H         LINE#         131
  C:325DH         LINE#         132
  C:3261H         LINE#         133
  C:3261H         LINE#         135
  -------         ENDPROC       MENU_MOVE3
  -------         PROC          INTO1
  C:3455H         LINE#         139
  C:3455H         LINE#         140
  C:3455H         LINE#         141
  C:3458H         LINE#         142
  C:3458H         LINE#         143
  C:345FH         LINE#         144
  C:3462H         LINE#         145
BL51 BANKED LINKER/LOCATER V6.22                                                      01/21/2016  00:22:22  PAGE 31


  C:3462H         LINE#         146
  C:3467H         LINE#         147
  C:346CH         LINE#         148
  C:3472H         LINE#         149
  C:3472H         LINE#         150
  C:3475H         LINE#         151
  C:3478H         LINE#         152
  C:347BH         LINE#         153
  C:347EH         LINE#         154
  C:347EH         LINE#         155
  C:3485H         LINE#         156
  C:3488H         LINE#         157
  C:3488H         LINE#         158
  C:348DH         LINE#         159
  C:348DH         LINE#         160
  C:348DH         LINE#         161
  C:348DH         LINE#         162
  C:348DH         LINE#         163
  C:3493H         LINE#         164
  C:3493H         LINE#         165
  C:3493H         LINE#         166
  -------         ENDPROC       INTO1
  -------         PROC          INTO1_1
  C:0DE6H         LINE#         169
  C:0DE6H         LINE#         170
  C:0DE6H         LINE#         171
  C:0DF6H         LINE#         172
  C:0DF6H         LINE#         173
  C:0DFCH         LINE#         174
  C:0E02H         LINE#         175
  C:0E02H         LINE#         176
  C:0E07H         LINE#         177
  C:0E0AH         LINE#         178
  C:0E0DH         LINE#         179
  C:0E17H         LINE#         180
  C:0E17H         LINE#         181
  C:0E1AH         LINE#         182
  C:0E1AH         LINE#         183
  C:0E20H         LINE#         184
  C:0E23H         LINE#         185
  C:0E23H         LINE#         186
  C:0E25H         LINE#         187
  C:0E2CH         LINE#         188
  C:0E2EH         LINE#         189
  C:0E33H         LINE#         190
  C:0E37H         LINE#         191
  C:0E3AH         LINE#         192
  C:0E3AH         LINE#         193
  C:0E3DH         LINE#         194
  C:0E3DH         LINE#         196
  C:0E4DH         LINE#         197
  C:0E4DH         LINE#         198
  C:0E53H         LINE#         199
  C:0E59H         LINE#         200
  C:0E59H         LINE#         201
  C:0E5BH         LINE#         202
  C:0E62H         LINE#         203
BL51 BANKED LINKER/LOCATER V6.22                                                      01/21/2016  00:22:22  PAGE 32


  C:0E64H         LINE#         204
  C:0E6FH         LINE#         205
  C:0E7CH         LINE#         206
  C:0E81H         LINE#         207
  C:0E86H         LINE#         210
  C:0E8AH         LINE#         211
  C:0E91H         LINE#         213
  C:0E9AH         LINE#         214
  C:0EA8H         LINE#         215
  C:0EB7H         LINE#         216
  C:0EC6H         LINE#         217
  C:0EDFH         LINE#         218
  C:0EF8H         LINE#         219
  C:0EF8H         LINE#         220
  C:0EFBH         LINE#         221
  C:0EFBH         LINE#         223
  C:0F0BH         LINE#         224
  C:0F0BH         LINE#         225
  C:0F11H         LINE#         226
  C:0F17H         LINE#         227
  C:0F17H         LINE#         228
  C:0F19H         LINE#         229
  C:0F20H         LINE#         230
  C:0F22H         LINE#         231
  C:0F2DH         LINE#         232
  C:0F3AH         LINE#         233
  C:0F3FH         LINE#         234
  C:0F44H         LINE#         237
  C:0F49H         LINE#         238
  C:0F50H         LINE#         240
  C:0F59H         LINE#         241
  C:0F67H         LINE#         242
  C:0F76H         LINE#         243
  C:0F85H         LINE#         244
  C:0F9EH         LINE#         245
  C:0FB7H         LINE#         246
  C:0FB7H         LINE#         247
  C:0FBAH         LINE#         248
  C:0FBAH         LINE#         250
  C:0FCAH         LINE#         251
  C:0FCAH         LINE#         252
  C:0FD0H         LINE#         253
  C:0FD6H         LINE#         254
  C:0FD6H         LINE#         255
  C:0FD8H         LINE#         256
  C:0FDFH         LINE#         257
  C:0FE1H         LINE#         258
  C:0FECH         LINE#         259
  C:0FF9H         LINE#         260
  C:0FFEH         LINE#         261
  C:1003H         LINE#         264
  C:1008H         LINE#         265
  C:100FH         LINE#         267
  C:1018H         LINE#         268
  C:1026H         LINE#         269
  C:103FH         LINE#         270
  C:1058H         LINE#         271
BL51 BANKED LINKER/LOCATER V6.22                                                      01/21/2016  00:22:22  PAGE 33


  C:1058H         LINE#         272
  C:105BH         LINE#         273
  C:105BH         LINE#         274
  C:106BH         LINE#         275
  C:106BH         LINE#         276
  C:1071H         LINE#         277
  C:1077H         LINE#         278
  C:1077H         LINE#         279
  C:1079H         LINE#         280
  C:1080H         LINE#         281
  C:1082H         LINE#         282
  C:108DH         LINE#         283
  C:109AH         LINE#         284
  C:109FH         LINE#         285
  C:10A4H         LINE#         288
  C:10A9H         LINE#         289
  C:10B0H         LINE#         291
  C:10B9H         LINE#         292
  C:10C7H         LINE#         293
  C:10E0H         LINE#         294
  C:10F9H         LINE#         295
  C:10F9H         LINE#         296
  C:10FCH         LINE#         297
  C:10FCH         LINE#         299
  C:110CH         LINE#         300
  C:110CH         LINE#         301
  C:1112H         LINE#         302
  C:1118H         LINE#         303
  C:1118H         LINE#         304
  C:111AH         LINE#         305
  C:1121H         LINE#         306
  C:1123H         LINE#         307
  C:112EH         LINE#         308
  C:113BH         LINE#         309
  C:1168H         LINE#         310
  C:1168H         LINE#         311
  C:116BH         LINE#         312
  C:1170H         LINE#         313
  C:1172H         LINE#         314
  C:1174H         LINE#         316
  C:1193H         LINE#         317
  C:1193H         LINE#         318
  C:1196H         LINE#         319
  C:119BH         LINE#         320
  C:119DH         LINE#         321
  C:119FH         LINE#         323
  C:11B1H         LINE#         324
  C:11B1H         LINE#         325
  C:11B4H         LINE#         326
  C:11B9H         LINE#         327
  C:11BBH         LINE#         328
  C:11BDH         LINE#         330
  C:11DBH         LINE#         331
  C:11DBH         LINE#         332
  C:11E0H         LINE#         333
  C:11E4H         LINE#         334
  C:11E7H         LINE#         335
BL51 BANKED LINKER/LOCATER V6.22                                                      01/21/2016  00:22:22  PAGE 34


  C:11E7H         LINE#         337
  C:11EEH         LINE#         339
  C:11F6H         LINE#         340
  C:1204H         LINE#         341
  C:121DH         LINE#         342
  C:1236H         LINE#         343
  C:1236H         LINE#         344
  C:1239H         LINE#         345
  C:1239H         LINE#         347
  C:1249H         LINE#         348
  C:1249H         LINE#         349
  C:124FH         LINE#         350
  C:1255H         LINE#         351
  C:1255H         LINE#         352
  C:1257H         LINE#         353
  C:125EH         LINE#         354
  C:1260H         LINE#         355
  C:126BH         LINE#         356
  C:1278H         LINE#         357
  C:12A5H         LINE#         358
  C:12A5H         LINE#         359
  C:12A8H         LINE#         360
  C:12ABH         LINE#         361
  C:12AEH         LINE#         362
  C:12B0H         LINE#         364
  C:12CFH         LINE#         365
  C:12CFH         LINE#         366
  C:12D2H         LINE#         367
  C:12D5H         LINE#         368
  C:12D8H         LINE#         369
  C:12DAH         LINE#         371
  C:12ECH         LINE#         372
  C:12ECH         LINE#         373
  C:12EFH         LINE#         374
  C:12F2H         LINE#         375
  C:12F5H         LINE#         376
  C:12F7H         LINE#         378
  C:1315H         LINE#         379
  C:1315H         LINE#         380
  C:131AH         LINE#         381
  C:131DH         LINE#         382
  C:1320H         LINE#         383
  C:1320H         LINE#         385
  C:1327H         LINE#         387
  C:132FH         LINE#         388
  C:133DH         LINE#         389
  C:1356H         LINE#         390
  C:136FH         LINE#         391
  C:136FH         LINE#         392
  C:1377H         LINE#         395
  C:1381H         LINE#         396
  C:1381H         LINE#         397
  C:1387H         LINE#         398
  C:138DH         LINE#         399
  C:138DH         LINE#         400
  C:138FH         LINE#         401
  C:1396H         LINE#         402
BL51 BANKED LINKER/LOCATER V6.22                                                      01/21/2016  00:22:22  PAGE 35


  C:1398H         LINE#         403
  C:139FH         LINE#         404
  C:13A8H         LINE#         405
  C:13B1H         LINE#         406
  C:13BAH         LINE#         407
  C:13C1H         LINE#         408
  C:13C6H         LINE#         409
  C:13D3H         LINE#         410
  C:13D5H         LINE#         411
  C:13D5H         LINE#         412
  C:13D5H         LINE#         413
  C:13D7H         LINE#         414
  C:13D7H         LINE#         416
  C:13D7H         LINE#         417
  C:13E7H         LINE#         418
  C:13E7H         LINE#         419
  C:13EDH         LINE#         420
  C:13F3H         LINE#         421
  C:13F3H         LINE#         422
  C:13F5H         LINE#         423
  C:13FCH         LINE#         424
  C:13FEH         LINE#         425
  C:1403H         LINE#         426
  C:1410H         LINE#         427
  C:141DH         LINE#         428
  C:1424H         LINE#         429
  C:1429H         LINE#         430
  C:1429H         LINE#         431
  C:1429H         LINE#         433
  C:1429H         LINE#         434
  C:1429H         LINE#         435
  C:1429H         LINE#         436
  C:1429H         LINE#         437
  -------         ENDPROC       INTO1_1
  -------         PROC          INTO1_2
  C:2E39H         LINE#         440
  C:2E39H         LINE#         441
  C:2E39H         LINE#         442
  C:2E49H         LINE#         443
  C:2E49H         LINE#         444
  C:2E4FH         LINE#         445
  C:2E52H         LINE#         446
  C:2E52H         LINE#         447
  C:2E57H         LINE#         448
  C:2E64H         LINE#         449
  C:2E71H         LINE#         450
  C:2E7EH         LINE#         451
  C:2E8BH         LINE#         452
  C:2E92H         LINE#         453
  C:2E92H         LINE#         454
  C:2E95H         LINE#         455
  C:2E98H         LINE#         456
  C:2E98H         LINE#         457
  C:2E9FH         LINE#         458
  C:2EA2H         LINE#         459
  C:2EA2H         LINE#         460
  C:2EA7H         LINE#         461
BL51 BANKED LINKER/LOCATER V6.22                                                      01/21/2016  00:22:22  PAGE 36


  C:2EB4H         LINE#         462
  C:2EC1H         LINE#         463
  C:2EC8H         LINE#         464
  C:2ECDH         LINE#         465
  C:2ECDH         LINE#         466
  C:2ECDH         LINE#         467
  C:2ECDH         LINE#         468
  C:2ECDH         LINE#         469
  C:2ECDH         LINE#         470
  C:2ECDH         LINE#         471
  -------         ENDPROC       INTO1_2
  -------         PROC          INTO1_21
  C:368BH         LINE#         472
  C:368BH         LINE#         473
  C:368BH         LINE#         474
  C:3691H         LINE#         475
  C:3691H         LINE#         476
  C:3694H         LINE#         477
  C:3697H         LINE#         478
  C:3697H         LINE#         479
  C:369DH         LINE#         480
  C:36AAH         LINE#         481
  -------         ENDPROC       INTO1_21
  -------         PROC          INTO2
  C:340FH         LINE#         486
  C:340FH         LINE#         487
  C:340FH         LINE#         488
  C:3419H         LINE#         489
  C:3419H         LINE#         490
  C:341FH         LINE#         491
  C:3422H         LINE#         492
  C:3422H         LINE#         493
  C:3427H         LINE#         494
  C:342DH         LINE#         495
  C:342DH         LINE#         496
  C:3430H         LINE#         497
  C:3433H         LINE#         498
  C:3436H         LINE#         499
  C:3439H         LINE#         500
  C:3439H         LINE#         501
  C:3440H         LINE#         502
  C:3443H         LINE#         503
  C:3443H         LINE#         504
  C:3448H         LINE#         505
  C:3448H         LINE#         506
  C:3448H         LINE#         507
  C:3448H         LINE#         508
  C:3448H         LINE#         509
  C:344FH         LINE#         510
  C:344FH         LINE#         511
  C:344FH         LINE#         512
  C:3452H         LINE#         513
  -------         ENDPROC       INTO2
  -------         PROC          INTO3
  C:37B1H         LINE#         518
  C:37B1H         LINE#         519
  C:37B1H         LINE#         520
BL51 BANKED LINKER/LOCATER V6.22                                                      01/21/2016  00:22:22  PAGE 37


  C:37B4H         LINE#         521
  C:37B7H         LINE#         522
  C:37BAH         LINE#         523
  -------         ENDPROC       INTO3
  -------         PROC          INTO3_1
  C:17DCH         LINE#         527
  C:17DCH         LINE#         528
  C:17DCH         LINE#         529
  C:17ECH         LINE#         530
  C:17ECH         LINE#         531
  C:17F2H         LINE#         532
  C:17F8H         LINE#         533
  C:17F8H         LINE#         534
  C:17FDH         LINE#         535
  C:1802H         LINE#         536
  C:1805H         LINE#         537
  C:1809H         LINE#         538
  C:180CH         LINE#         539
  C:1816H         LINE#         540
  C:1816H         LINE#         541
  C:1819H         LINE#         542
  C:1819H         LINE#         543
  C:181FH         LINE#         544
  C:1822H         LINE#         545
  C:1822H         LINE#         546
  C:1824H         LINE#         547
  C:182BH         LINE#         548
  C:182DH         LINE#         549
  C:1832H         LINE#         550
  C:1832H         LINE#         551
  C:1835H         LINE#         552
  C:1835H         LINE#         554
  C:1845H         LINE#         555
  C:1845H         LINE#         556
  C:184BH         LINE#         557
  C:1851H         LINE#         558
  C:1851H         LINE#         559
  C:1853H         LINE#         560
  C:185AH         LINE#         561
  C:185CH         LINE#         562
  C:1867H         LINE#         563
  C:1874H         LINE#         564
  C:1879H         LINE#         565
[...]
  C:189CH         LINE#         572
  C:18B5H         LINE#         573
  C:18CEH         LINE#         574
  C:18CEH         LINE#         575
  C:18D6H         LINE#         578
  C:18E6H         LINE#         579
  C:18E6H         LINE#         580
  C:18ECH         LINE#         581
  C:18F2H         LINE#         582
  C:18F2H         LINE#         583
  C:18F4H         LINE#         584
BL51 BANKED LINKER/LOCATER V6.22                                                      01/21/2016  00:22:22  PAGE 38


  C:18FBH         LINE#         585
  C:18FDH         LINE#         586
  C:1908H         LINE#         587
  C:1915H         LINE#         588
  C:191AH         LINE#         589
  C:191FH         LINE#         592
  C:1923H         LINE#         594
  C:192FH         LINE#         595
  C:193DH         LINE#         596
  C:1956H         LINE#         597
  C:196FH         LINE#         598
  C:196FH         LINE#         599
  C:1977H         LINE#         603
  C:1987H         LINE#         604
  C:1987H         LINE#         606
  C:198DH         LINE#         607
  C:1993H         LINE#         608
  C:1993H         LINE#         609
  C:1995H         LINE#         610
  C:199CH         LINE#         611
  C:199EH         LINE#         612
  C:19A9H         LINE#         613
  C:19B6H         LINE#         614
  C:19BBH         LINE#         615
  C:19C0H         LINE#         618
  C:19C5H         LINE#         620
  C:19D1H         LINE#         621
  C:19DFH         LINE#         622
  C:19F8H         LINE#         623
  C:1A11H         LINE#         624
  C:1A11H         LINE#         625
  C:1A19H         LINE#         628
  C:1A29H         LINE#         629
  C:1A29H         LINE#         630
  C:1A2FH         LINE#         631
  C:1A35H         LINE#         632
  C:1A35H         LINE#         633
  C:1A37H         LINE#         634
  C:1A3EH         LINE#         635
  C:1A40H         LINE#         636
  C:1A4BH         LINE#         637
  C:1A58H         LINE#         638
  C:1A5DH         LINE#         639
  C:1A62H         LINE#         642
  C:1A67H         LINE#         644
  C:1A73H         LINE#         645
  C:1A81H         LINE#         646
  C:1A9AH         LINE#         647
  C:1AB3H         LINE#         648
  C:1AB3H         LINE#         649
  C:1ABBH         LINE#         652
  C:1AC5H         LINE#         653
  C:1AC5H         LINE#         654
  C:1ACBH         LINE#         655
  C:1AD1H         LINE#         656
  C:1AD1H         LINE#         657
  C:1AD8H         LINE#         658
BL51 BANKED LINKER/LOCATER V6.22                                                      01/21/2016  00:22:22  PAGE 39


  C:1AE1H         LINE#         659
  C:1AEAH         LINE#         660
  C:1AF3H         LINE#         661
  C:1AFAH         LINE#         662
  C:1AFFH         LINE#         663
  C:1B0CH         LINE#         664
  C:1B0EH         LINE#         665
  C:1B0EH         LINE#         666
  C:1B0EH         LINE#         667
  C:1B10H         LINE#         668
  C:1B10H         LINE#         669
  C:1B10H         LINE#         671
  C:1B20H         LINE#         672
  C:1B20H         LINE#         673
  C:1B26H         LINE#         674
  C:1B2CH         LINE#         675
  C:1B2CH         LINE#         676
  C:1B31H         LINE#         677
  C:1B3EH         LINE#         678
  C:1B4BH         LINE#         679
  C:1B52H         LINE#         680
  C:1B57H         LINE#         681
  C:1B57H         LINE#         682
  C:1B57H         LINE#         683
  C:1B57H         LINE#         684
  C:1B57H         LINE#         685
  C:1B57H         LINE#         687
  -------         ENDPROC       INTO3_1
  -------         PROC          INTO3_2
  C:2494H         LINE#         690
  C:2494H         LINE#         691
  C:2494H         LINE#         692
  C:24A4H         LINE#         693
  C:24A4H         LINE#         694
  C:24AAH         LINE#         695
  C:24B0H         LINE#         696
  C:24B0H         LINE#         697
  C:24B5H         LINE#         698
  C:24C2H         LINE#         699
  C:24CFH         LINE#         700
  C:24D9H         LINE#         701
  C:24D9H         LINE#         702
  C:24DCH         LINE#         703
  C:24DCH         LINE#         704
  C:24E2H         LINE#         705
  C:24E5H         LINE#         706
  C:24E5H         LINE#         707
  C:24E7H         LINE#         708
  C:24EEH         LINE#         709
  C:24F0H         LINE#         710
  C:24F5H         LINE#         711
  C:24F9H         LINE#         712
  C:24FCH         LINE#         713
  C:24FCH         LINE#         714
  C:24FFH         LINE#         715
  C:24FFH         LINE#         717
  C:2505H         LINE#         718
BL51 BANKED LINKER/LOCATER V6.22                                                      01/21/2016  00:22:22  PAGE 40


  C:2505H         LINE#         719
  C:2512H         LINE#         720
  C:251FH         LINE#         721
  C:2524H         LINE#         722
  C:2524H         LINE#         723
  C:252AH         LINE#         724
  C:252AH         LINE#         725
  C:2537H         LINE#         726
  C:2544H         LINE#         727
  C:2549H         LINE#         728
  C:2549H         LINE#         730
  C:254CH         LINE#         731
  C:254CH         LINE#         732
  C:2553H         LINE#         733
  C:2559H         LINE#         734
  C:2559H         LINE#         735
  C:255EH         LINE#         736
  C:256BH         LINE#         737
  C:2578H         LINE#         738
  C:257FH         LINE#         739
  C:2584H         LINE#         740
  C:2584H         LINE#         741
  C:2584H         LINE#         742
  C:2584H         LINE#         743
  C:2584H         LINE#         744
  C:2584H         LINE#         745
  C:2584H         LINE#         746
  -------         ENDPROC       INTO3_2
  -------         PROC          INTO3_21
  C:337FH         LINE#         747
  C:337FH         LINE#         748
  C:337FH         LINE#         749
  C:338BH         LINE#         750
  C:3391H         LINE#         751
  C:3391H         LINE#         752
  C:339DH         LINE#         753
  C:33A6H         LINE#         754
  C:33A6H         LINE#         755
  C:33A9H         LINE#         756
  C:33A9H         LINE#         757
  C:33A9H         LINE#         759
  C:33AFH         LINE#         760
  C:33AFH         LINE#         761
  C:33BBH         LINE#         762
  C:33C4H         LINE#         763
  C:33C4H         LINE#         764
  C:33C6H         LINE#         765
  C:33C8H         LINE#         766
  C:33C8H         LINE#         767
  C:33C8H         LINE#         768
  -------         ENDPROC       INTO3_21
  -------         PROC          INTO3_3
  C:1B58H         LINE#         771
  C:1B58H         LINE#         772
  C:1B58H         LINE#         773
  C:1B68H         LINE#         774
  C:1B68H         LINE#         775
BL51 BANKED LINKER/LOCATER V6.22                                                      01/21/2016  00:22:22  PAGE 41


  C:1B6EH         LINE#         776
  C:1B74H         LINE#         777
  C:1B74H         LINE#         778
  C:1B79H         LINE#         779
  C:1B94H         LINE#         780
  C:1BAFH         LINE#         781
  C:1BBCH         LINE#         782
  C:1BD7H         LINE#         783
  C:1BF2H         LINE#         785
  C:1BFFH         LINE#         786
  C:1C0CH         LINE#         787
  C:1C16H         LINE#         788
  C:1C16H         LINE#         789
  C:1C19H         LINE#         790
  C:1C19H         LINE#         791
  C:1C1FH         LINE#         792
  C:1C22H         LINE#         793
  C:1C22H         LINE#         794
  C:1C24H         LINE#         795
  C:1C2BH         LINE#         796
  C:1C2DH         LINE#         797
  C:1C32H         LINE#         798
  C:1C36H         LINE#         799
  C:1C39H         LINE#         800
  C:1C39H         LINE#         801
  C:1C3CH         LINE#         802
  C:1C3CH         LINE#         803
  C:1C46H         LINE#         804
  C:1C46H         LINE#         805
  C:1C4CH         LINE#         806
  C:1C4FH         LINE#         807
  C:1C4FH         LINE#         808
  C:1C57H         LINE#         809
  C:1C5CH         LINE#         812
  C:1C60H         LINE#         813
  C:1C7BH         LINE#         814
  C:1C96H         LINE#         815
  C:1C96H         LINE#         816
  C:1C99H         LINE#         817
  C:1C99H         LINE#         818
  C:1CA3H         LINE#         819
  C:1CA3H         LINE#         820
  C:1CA9H         LINE#         821
  C:1CACH         LINE#         822
  C:1CACH         LINE#         823
  C:1CB4H         LINE#         824
  C:1CB9H         LINE#         827
  C:1CBEH         LINE#         828
  C:1CD9H         LINE#         829
  C:1CF4H         LINE#         830
  C:1CF4H         LINE#         831
  C:1CF7H         LINE#         832
  C:1CF7H         LINE#         835
  C:1D01H         LINE#         836
  C:1D01H         LINE#         837
  C:1D07H         LINE#         838
  C:1D0AH         LINE#         839
BL51 BANKED LINKER/LOCATER V6.22                                                      01/21/2016  00:22:22  PAGE 42


  C:1D0AH         LINE#         840
  C:1D12H         LINE#         841
  C:1D17H         LINE#         844
  C:1D1BH         LINE#         845
  C:1D36H         LINE#         846
  C:1D51H         LINE#         847
  C:1D51H         LINE#         848
  C:1D54H         LINE#         849
  C:1D54H         LINE#         850
  C:1D5EH         LINE#         851
  C:1D5EH         LINE#         852
  C:1D64H         LINE#         853
  C:1D67H         LINE#         854
  C:1D67H         LINE#         855
  C:1D6FH         LINE#         856
  C:1D74H         LINE#         858
  C:1D79H         LINE#         860
  C:1D94H         LINE#         861
  C:1DAFH         LINE#         862
  C:1DAFH         LINE#         863
  C:1DB2H         LINE#         864
  C:1DB2H         LINE#         866
  C:1DB8H         LINE#         867
  C:1DB8H         LINE#         868
  C:1DC5H         LINE#         869
  C:1DD2H         LINE#         870
  C:1DD7H         LINE#         871
  C:1DD7H         LINE#         872
  C:1DDDH         LINE#         873
  C:1DDDH         LINE#         874
  C:1DEAH         LINE#         875
  C:1DF7H         LINE#         876
  C:1DFCH         LINE#         877
  C:1DFCH         LINE#         879
  C:1E08H         LINE#         880
  C:1E08H         LINE#         881
  C:1E15H         LINE#         882
  C:1E22H         LINE#         883
  C:1E22H         LINE#         884
  C:1E25H         LINE#         885
  C:1E25H         LINE#         886
  C:1E2CH         LINE#         887
  C:1E3CH         LINE#         888
  C:1E3CH         LINE#         889
  C:1E41H         LINE#         890
  C:1E4EH         LINE#         891
  C:1E50H         LINE#         892
  C:1E50H         LINE#         893
  C:1E50H         LINE#         894
  C:1E52H         LINE#         895
  C:1E52H         LINE#         896
  C:1E52H         LINE#         898
  C:1E68H         LINE#         899
  C:1E68H         LINE#         900
  C:1E6FH         LINE#         901
  C:1E75H         LINE#         902
  C:1E75H         LINE#         903
BL51 BANKED LINKER/LOCATER V6.22                                                      01/21/2016  00:22:22  PAGE 43


  C:1E7AH         LINE#         904
  C:1E87H         LINE#         905
  C:1E94H         LINE#         906
  C:1E9BH         LINE#         907
  C:1EA0H         LINE#         908
  C:1EA0H         LINE#         909
  C:1EA0H         LINE#         910
  C:1EA0H         LINE#         911
  C:1EA0H         LINE#         912
  C:1EA0H         LINE#         913
  C:1EA0H         LINE#         914
  -------         ENDPROC       INTO3_3
  -------         PROC          INTO3_31
  C:20F6H         LINE#         915
  C:20F6H         LINE#         916
  C:20F6H         LINE#         917
  C:2101H         LINE#         918
  C:210EH         LINE#         919
  C:2118H         LINE#         920
  C:2125H         LINE#         921
  C:2131H         LINE#         922
  C:213BH         LINE#         923
  C:213BH         LINE#         924
  C:2145H         LINE#         925
  C:215FH         LINE#         926
  C:215FH         LINE#         927
  C:2169H         LINE#         928
  C:2177H         LINE#         929
  C:2182H         LINE#         930
  C:2190H         LINE#         931
  C:219AH         LINE#         932
  C:219AH         LINE#         933
  C:219FH         LINE#         934
  C:21B8H         LINE#         935
  C:21D1H         LINE#         936
  C:21DEH         LINE#         937
  C:21F7H         LINE#         938
  C:2210H         LINE#         939
  C:2213H         LINE#         940
  C:221AH         LINE#         942
  C:2220H         LINE#         943
  C:2220H         LINE#         944
  C:2227H         LINE#         945
  C:222DH         LINE#         946
  C:222DH         LINE#         947
  C:2232H         LINE#         948
  C:2236H         LINE#         949
  C:223BH         LINE#         950
  C:223DH         LINE#         951
  C:2243H         LINE#         952
  C:2245H         LINE#         953
  C:224AH         LINE#         954
  C:224AH         LINE#         955
  C:224AH         LINE#         956
  C:224AH         LINE#         957
  C:224AH         LINE#         959
  C:224AH         LINE#         960
BL51 BANKED LINKER/LOCATER V6.22                                                      01/21/2016  00:22:22  PAGE 44


  C:224AH         LINE#         961
  C:2251H         LINE#         962
  C:2251H         LINE#         963
  C:225BH         LINE#         964
  C:226FH         LINE#         965
  C:226FH         LINE#         966
  C:2271H         LINE#         967
  C:2273H         LINE#         968
  C:2273H         LINE#         969
  C:2273H         LINE#         970
  -------         ENDPROC       INTO3_31
  -------         PROC          INTO3_4
  C:142AH         LINE#         973
  C:142AH         LINE#         974
  C:142AH         LINE#         975
  C:143AH         LINE#         976
  C:143AH         LINE#         977
  C:1440H         LINE#         978
  C:1446H         LINE#         979
  C:1446H         LINE#         980
  C:144BH         LINE#         981
  C:1459H         LINE#         982
  C:1467H         LINE#         983
  C:1475H         LINE#         984
  C:1483H         LINE#         985
  C:1491H         LINE#         986
  C:149FH         LINE#         987
  C:14ADH         LINE#         988
  C:14BBH         LINE#         989
  C:14C5H         LINE#         990
  C:14C5H         LINE#         991
  C:14C8H         LINE#         992
  C:14C8H         LINE#         993
  C:14CEH         LINE#         994
  C:14D1H         LINE#         995
  C:14D1H         LINE#         996
  C:14D3H         LINE#         997
  C:14DAH         LINE#         998
  C:14DCH         LINE#         999
  C:14E1H         LINE#         1000
  C:14E5H         LINE#         1001
  C:14E8H         LINE#         1002
  C:14E8H         LINE#         1003
  C:14EBH         LINE#         1004
  C:14EBH         LINE#         1005
  C:14F2H         LINE#         1006
  C:14F2H         LINE#         1007
  C:14F9H         LINE#         1008
  C:14F9H         LINE#         1009
  C:14FAH         LINE#         1010
  C:14FFH         LINE#         1011
  C:1503H         LINE#         1012
  C:1503H         LINE#         1013
  C:1505H         LINE#         1014
  C:150AH         LINE#         1015
  C:150AH         LINE#         1016
  C:1510H         LINE#         1017
BL51 BANKED LINKER/LOCATER V6.22                                                      01/21/2016  00:22:22  PAGE 45


  C:1510H         LINE#         1018
  C:1512H         LINE#         1019
  C:1517H         LINE#         1020
  C:1517H         LINE#         1021
  C:151DH         LINE#         1022
  C:151DH         LINE#         1023
  C:151FH         LINE#         1024
  C:151FH         LINE#         1025
  C:151FH         LINE#         1026
  C:151FH         LINE#         1027
  C:151FH         LINE#         1028
  C:151FH         LINE#         1030
  C:151FH         LINE#         1031
  C:1522H         LINE#         1032
  C:1522H         LINE#         1033
  C:1529H         LINE#         1034
  C:152CH         LINE#         1035
  C:152CH         LINE#         1036
  C:1530H         LINE#         1037
  C:1533H         LINE#         1038
  C:1535H         LINE#         1039
  C:1535H         LINE#         1040
  C:1538H         LINE#         1041
  C:1538H         LINE#         1042
  C:1552H         LINE#         1043
  C:156CH         LINE#         1044
  C:1586H         LINE#         1045
  C:15A0H         LINE#         1046
  C:15BAH         LINE#         1047
  C:15D4H         LINE#         1048
  C:15DBH         LINE#         1050
  C:15E1H         LINE#         1051
  C:15E1H         LINE#         1052
  C:15E8H         LINE#         1053
  C:15EEH         LINE#         1054
  C:15EEH         LINE#         1055
  C:15F3H         LINE#         1056
  C:15F7H         LINE#         1057
  C:15F9H         LINE#         1059
  C:1603H         LINE#         1060
  C:1603H         LINE#         1061
  C:1616H         LINE#         1062
  C:162DH         LINE#         1063
  C:1648H         LINE#         1064
  C:1657H         LINE#         1065
  C:1672H         LINE#         1066
  C:168DH         LINE#         1067
  C:169CH         LINE#         1068
  C:16B7H         LINE#         1069
  C:16D2H         LINE#         1070
  C:16D2H         LINE#         1072
  C:16DCH         LINE#         1073
  C:16DCH         LINE#         1074
  C:16EFH         LINE#         1075
  C:1706H         LINE#         1076
  C:1721H         LINE#         1077
  C:1730H         LINE#         1078
BL51 BANKED LINKER/LOCATER V6.22                                                      01/21/2016  00:22:22  PAGE 46


  C:174BH         LINE#         1079
  C:1766H         LINE#         1080
  C:1775H         LINE#         1081
  C:1790H         LINE#         1082
  C:17ABH         LINE#         1083
  C:17ABH         LINE#         1085
  C:17B1H         LINE#         1086
  C:17B1H         LINE#         1087
  C:17B6H         LINE#         1088
  C:17B6H         LINE#         1089
  C:17B6H         LINE#         1090
  C:17B9H         LINE#         1091
  C:17B9H         LINE#         1095
  C:17BFH         LINE#         1096
  C:17BFH         LINE#         1097
  C:17C6H         LINE#         1098
  C:17CCH         LINE#         1099
  C:17CCH         LINE#         1100
  C:17D1H         LINE#         1101
  C:17DBH         LINE#         1102
  C:17DBH         LINE#         1103
  C:17DBH         LINE#         1105
  C:17DBH         LINE#         1106
  C:17DBH         LINE#         1107
  C:17DBH         LINE#         1108
  C:17DBH         LINE#         1109
  -------         ENDPROC       INTO3_4
  -------         ENDMOD        KEY

  -------         MODULE        ?C?FPMUL
  C:1EA1H         PUBLIC        ?C?FPMUL
  -------         ENDMOD        ?C?FPMUL

  -------         MODULE        ?C?FCAST
  C:1FB1H         PUBLIC        ?C?FCASTC
  C:1FACH         PUBLIC        ?C?FCASTI
  C:1FA7H         PUBLIC        ?C?FCASTL
  -------         ENDMOD        ?C?FCAST

  -------         MODULE        ?C?CASTF
  C:1FE5H         PUBLIC        ?C?CASTF
  -------         ENDMOD        ?C?CASTF

  -------         MODULE        ?C?CLDOPTR
  C:2066H         PUBLIC        ?C?CLDOPTR
  -------         ENDMOD        ?C?CLDOPTR

  -------         MODULE        ?C?UIDIV
  C:2093H         PUBLIC        ?C?UIDIV
  -------         ENDMOD        ?C?UIDIV

  -------         MODULE        ?C?LNEG
  C:20E8H         PUBLIC        ?C?LNEG
  -------         ENDMOD        ?C?LNEG

Program Size: data=9.0 xdata=137 code=14290
LINK/LOCATE RUN COMPLETE.  0 WARNING(S),  0 ERROR(S)
